[    0.000000] Initializing cgroup subsys cpuset
[    0.000000] Initializing cgroup subsys cpu
[    0.000000] Initializing cgroup subsys cpuacct
[    0.000000] Linux version 4.4.0-89-generic (buildd@lgw01-18) (gcc version 5.4.0 20160609 (Ubuntu 5.4.0-6ubuntu1~16.04.4) ) #112-Ubuntu SMP Mon Jul 31 19:38:41 UTC 2017 (Ubuntu 4.4.0-89.112-generic 4.4.76)
[    0.000000] Command line: BOOT_IMAGE=/boot/vmlinuz-4.4.0-89-generic root=LABEL=cloudimg-rootfs ro console=tty1 console=ttyS0
[    0.000000] KERNEL supported cpus:
[    0.000000]   Intel GenuineIntel
[    0.000000]   AMD AuthenticAMD
[    0.000000]   Centaur CentaurHauls
[    0.000000] x86/fpu: xstate_offset[2]:  576, xstate_sizes[2]:  256
[    0.000000] x86/fpu: Supporting XSAVE feature 0x01: 'x87 floating point registers'
[    0.000000] x86/fpu: Supporting XSAVE feature 0x02: 'SSE registers'
[    0.000000] x86/fpu: Supporting XSAVE feature 0x04: 'AVX registers'
[    0.000000] x86/fpu: Enabled xstate features 0x7, context size is 832 bytes, using 'standard' format.
[    0.000000] x86/fpu: Using 'lazy' FPU context switches.
[    0.000000] e820: BIOS-provided physical RAM map:
[    0.000000] BIOS-e820: [mem 0x0000000000000000-0x000000000009fbff] usable
[    0.000000] BIOS-e820: [mem 0x000000000009fc00-0x000000000009ffff] reserved
[    0.000000] BIOS-e820: [mem 0x00000000000f0000-0x00000000000fffff] reserved
[    0.000000] BIOS-e820: [mem 0x0000000000100000-0x000000003ffeffff] usable
[    0.000000] BIOS-e820: [mem 0x000000003fff0000-0x000000003fffffff] ACPI data
[    0.000000] BIOS-e820: [mem 0x00000000fec00000-0x00000000fec00fff] reserved
[    0.000000] BIOS-e820: [mem 0x00000000fee00000-0x00000000fee00fff] reserved
[    0.000000] BIOS-e820: [mem 0x00000000fffc0000-0x00000000ffffffff] reserved
[    0.000000] NX (Execute Disable) protection: active
[    0.000000] SMBIOS 2.5 present.
[    0.000000] Hypervisor detected: KVM
[    0.000000] e820: last_pfn = 0x3fff0 max_arch_pfn = 0x400000000
[    0.000000] MTRR: Disabled
[    0.000000] x86/PAT: MTRRs disabled, skipping PAT initialization too.
[    0.000000] x86/PAT: Configuration [0-7]: WB  WT  UC- UC  WB  WT  UC- UC  
[    0.000000] CPU MTRRs all blank - virtualized system.
[    0.000000] found SMP MP-table at [mem 0x0009fff0-0x0009ffff] mapped at [ffff88000009fff0]
[    0.000000] Scanning 1 areas for low memory corruption
[    0.000000] RAMDISK: [mem 0x36ac4000-0x37559fff]
[    0.000000] ACPI: Early table checksum verification disabled
[    0.000000] ACPI: RSDP 0x00000000000E0000 000024 (v02 VBOX  )
[    0.000000] ACPI: XSDT 0x000000003FFF0030 00003C (v01 VBOX   VBOXXSDT 00000001 ASL  00000061)
[    0.000000] ACPI: FACP 0x000000003FFF00F0 0000F4 (v04 VBOX   VBOXFACP 00000001 ASL  00000061)
[    0.000000] ACPI: DSDT 0x000000003FFF0470 0021C8 (v02 VBOX   VBOXBIOS 00000002 INTL 20100528)
[    0.000000] ACPI: FACS 0x000000003FFF0200 000040
[    0.000000] ACPI: FACS 0x000000003FFF0200 000040
[    0.000000] ACPI: APIC 0x000000003FFF0240 00005C (v02 VBOX   VBOXAPIC 00000001 ASL  00000061)
[    0.000000] ACPI: SSDT 0x000000003FFF02A0 0001CC (v01 VBOX   VBOXCPUT 00000002 INTL 20100528)
[    0.000000] No NUMA configuration found
[    0.000000] Faking a node at [mem 0x0000000000000000-0x000000003ffeffff]
[    0.000000] NODE_DATA(0) allocated [mem 0x3ffeb000-0x3ffeffff]
[    0.000000] kvm-clock: Using msrs 4b564d01 and 4b564d00
[    0.000000] kvm-clock: cpu 0, msr 0:3ffe3001, primary cpu clock
[    0.000000] kvm-clock: using sched offset of 3349068357 cycles
[    0.000000] clocksource: kvm-clock: mask: 0xffffffffffffffff max_cycles: 0x1cd42e4dffb, max_idle_ns: 881590591483 ns
[    0.000000] Zone ranges:
[    0.000000]   DMA      [mem 0x0000000000001000-0x0000000000ffffff]
[    0.000000]   DMA32    [mem 0x0000000001000000-0x000000003ffeffff]
[    0.000000]   Normal   empty
[    0.000000]   Device   empty
[    0.000000] Movable zone start for each node
[    0.000000] Early memory node ranges
[    0.000000]   node   0: [mem 0x0000000000001000-0x000000000009efff]
[    0.000000]   node   0: [mem 0x0000000000100000-0x000000003ffeffff]
[    0.000000] Initmem setup node 0 [mem 0x0000000000001000-0x000000003ffeffff]
[    0.000000] ACPI: PM-Timer IO Port: 0x4008
[    0.000000] IOAPIC[0]: apic_id 2, version 32, address 0xfec00000, GSI 0-23
[    0.000000] ACPI: INT_SRC_OVR (bus 0 bus_irq 0 global_irq 2 dfl dfl)
[    0.000000] ACPI: INT_SRC_OVR (bus 0 bus_irq 9 global_irq 9 high level)
[    0.000000] Using ACPI (MADT) for SMP configuration information
[    0.000000] smpboot: Allowing 2 CPUs, 0 hotplug CPUs
[    0.000000] PM: Registered nosave memory: [mem 0x00000000-0x00000fff]
[    0.000000] PM: Registered nosave memory: [mem 0x0009f000-0x0009ffff]
[    0.000000] PM: Registered nosave memory: [mem 0x000a0000-0x000effff]
[    0.000000] PM: Registered nosave memory: [mem 0x000f0000-0x000fffff]
[    0.000000] e820: [mem 0x40000000-0xfebfffff] available for PCI devices
[    0.000000] Booting paravirtualized kernel on KVM
[    0.000000] clocksource: refined-jiffies: mask: 0xffffffff max_cycles: 0xffffffff, max_idle_ns: 7645519600211568 ns
[    0.000000] setup_percpu: NR_CPUS:512 nr_cpumask_bits:512 nr_cpu_ids:2 nr_node_ids:1
[    0.000000] PERCPU: Embedded 33 pages/cpu @ffff88003fc00000 s98264 r8192 d28712 u1048576
[    0.000000] PV qspinlock hash table entries: 256 (order: 0, 4096 bytes)
[    0.000000] Built 1 zonelists in Node order, mobility grouping on.  Total pages: 257913
[    0.000000] Policy zone: DMA32
[    0.000000] Kernel command line: BOOT_IMAGE=/boot/vmlinuz-4.4.0-89-generic root=LABEL=cloudimg-rootfs ro console=tty1 console=ttyS0
[    0.000000] PID hash table entries: 4096 (order: 3, 32768 bytes)
[    0.000000] Memory: 1001736K/1048120K available (8474K kernel code, 1294K rwdata, 3984K rodata, 1488K init, 1316K bss, 46384K reserved, 0K cma-reserved)
[    0.000000] SLUB: HWalign=64, Order=0-3, MinObjects=0, CPUs=2, Nodes=1
[    0.000000] Hierarchical RCU implementation.
[    0.000000] 	Build-time adjustment of leaf fanout to 64.
[    0.000000] 	RCU restricting CPUs from NR_CPUS=512 to nr_cpu_ids=2.
[    0.000000] RCU: Adjusting geometry for rcu_fanout_leaf=64, nr_cpu_ids=2
[    0.000000] NR_IRQS:33024 nr_irqs:440 16
[    0.000000] Console: colour VGA+ 80x25
[    0.000000] console [tty1] enabled
[    0.000000] console [ttyS0] enabled
[    0.000000] tsc: Detected 1599.999 MHz processor
[    1.718860] Calibrating delay loop (skipped) preset value.. 3199.99 BogoMIPS (lpj=6399996)
[    1.755199] pid_max: default: 32768 minimum: 301
[    1.764349] ACPI: Core revision 20150930
[    1.768527] ACPI: 2 ACPI AML tables successfully acquired and loaded
[    1.787306] Security Framework initialized
[    1.836311] Yama: becoming mindful.
[    1.879315] AppArmor: AppArmor initialized
[    1.918447] Dentry cache hash table entries: 131072 (order: 8, 1048576 bytes)
[    1.929906] Inode-cache hash table entries: 65536 (order: 7, 524288 bytes)
[    1.940385] Mount-cache hash table entries: 2048 (order: 2, 16384 bytes)
[    1.951067] Mountpoint-cache hash table entries: 2048 (order: 2, 16384 bytes)
[    1.977057] Initializing cgroup subsys io
[    1.978380] Initializing cgroup subsys memory
[    1.992834] Initializing cgroup subsys devices
[    2.030444] Initializing cgroup subsys freezer
[    2.031819] Initializing cgroup subsys net_cls
[    2.033079] Initializing cgroup subsys perf_event
[    2.035964] Initializing cgroup subsys net_prio
[    2.044301] Initializing cgroup subsys hugetlb
[    2.060694] Initializing cgroup subsys pids
[    2.081141] CPU: Physical Processor ID: 0
[    2.099852] CPU: Processor Core ID: 0
[    2.103016] mce: CPU supports 0 MCE banks
[    2.117301] Last level iTLB entries: 4KB 64, 2MB 8, 4MB 8
[    2.118705] Last level dTLB entries: 4KB 64, 2MB 0, 4MB 0, 1GB 4
[    2.122792] Freeing SMP alternatives memory: 32K (ffffffff820b9000 - ffffffff820c1000)
[    2.145314] ftrace: allocating 32131 entries in 126 pages
[    2.207401] smpboot: APIC(0) Converting physical 0 to logical package 0
[    2.268174] smpboot: Max logical packages: 1
[    2.323123] x2apic enabled
[    2.357893] Switched APIC routing to physical x2apic.
[    2.403120] ..TIMER: vector=0x30 apic1=0 pin1=2 apic2=-1 pin2=-1
[    2.549039] smpboot: CPU0: Intel(R) Core(TM) i5-5250U CPU @ 1.60GHz (family: 0x6, model: 0x3d, stepping: 0x4)
[    2.579716] Performance Events: unsupported p6 CPU model 61 no PMU driver, software events only.
[    2.647622] KVM setup paravirtual spinlock
[    2.657094] x86: Booting SMP configuration:
[    2.697872] .... node  #0, CPUs:      #1
[    2.700450] kvm-clock: cpu 1, msr 0:3ffe3041, secondary cpu clock
[    2.713854] mce: CPU supports 0 MCE banks
[    2.724848] x86: Booted up 1 node, 2 CPUs
[    2.746677] smpboot: Total of 2 processors activated (6399.99 BogoMIPS)
[    2.791254] devtmpfs: initialized
[    2.816628] evm: security.selinux
[    2.846317] evm: security.SMACK64
[    2.872444] evm: security.SMACK64EXEC
[    2.905172] evm: security.SMACK64TRANSMUTE
[    2.944956] evm: security.SMACK64MMAP
[    2.974053] evm: security.ima
[    3.001256] evm: security.capability
[    3.012684] clocksource: jiffies: mask: 0xffffffff max_cycles: 0xffffffff, max_idle_ns: 7645041785100000 ns
[    3.090922] futex hash table entries: 512 (order: 3, 32768 bytes)
[    3.106747] pinctrl core: initialized pinctrl subsystem
[    3.145674] RTC time: 15:52:51, date: 08/09/17
[    3.188214] NET: Registered protocol family 16
[    3.241910] cpuidle: using governor ladder
[    3.297340] cpuidle: using governor menu
[    3.332168] PCCT header not found.
[    3.373531] ACPI: bus type PCI registered
[    3.415074] acpiphp: ACPI Hot Plug PCI Controller Driver version: 0.5
[    3.472542] PCI: Using configuration type 1 for base access
[    3.521818] ACPI: Added _OSI(Module Device)
[    3.546619] ACPI: Added _OSI(Processor Device)
[    3.574194] ACPI: Added _OSI(3.0 _SCP Extensions)
[    3.599253] ACPI: Added _OSI(Processor Aggregator Device)
[    3.654467] ACPI: Executed 1 blocks of module-level executable AML code
[    3.714971] ACPI: Interpreter enabled
[    3.748306] ACPI: (supports S0 S5)
[    3.784692] ACPI: Using IOAPIC for interrupt routing
[    3.809268] PCI: Using host bridge windows from ACPI; if necessary, use "pci=nocrs" and report a bug
[    3.861921] ACPI: PCI Root Bridge [PCI0] (domain 0000 [bus 00-ff])
[    3.922070] acpi PNP0A03:00: _OSC: OS supports [ASPM ClockPM Segments MSI]
[    3.932196] acpi PNP0A03:00: _OSC failed (AE_NOT_FOUND); disabling ASPM
[    3.967293] acpi PNP0A03:00: fail to add MMCONFIG information, can't access extended PCI configuration space under this bridge.
[    4.045760] PCI host bridge to bus 0000:00
[    4.055819] pci_bus 0000:00: root bus resource [io  0x0000-0x0cf7 window]
[    4.102055] pci_bus 0000:00: root bus resource [io  0x0d00-0xffff window]
[    4.168453] pci_bus 0000:00: root bus resource [mem 0x000a0000-0x000bffff window]
[    4.249322] pci_bus 0000:00: root bus resource [mem 0x40000000-0xffdfffff window]
[    4.312203] pci_bus 0000:00: root bus resource [bus 00-ff]
[    4.325343] pci 0000:00:01.1: legacy IDE quirk: reg 0x10: [io  0x01f0-0x01f7]
[    4.340907] pci 0000:00:01.1: legacy IDE quirk: reg 0x14: [io  0x03f6]
[    4.357277] pci 0000:00:01.1: legacy IDE quirk: reg 0x18: [io  0x0170-0x0177]
[    4.362591] pci 0000:00:01.1: legacy IDE quirk: reg 0x1c: [io  0x0376]
[    4.401922] pci 0000:00:07.0: quirk: [io  0x4000-0x403f] claimed by PIIX4 ACPI
[    4.411798] pci 0000:00:07.0: quirk: [io  0x4100-0x410f] claimed by PIIX4 SMB
[    4.455223] ACPI: PCI Interrupt Link [LNKA] (IRQs 5 9 10 *11)
[    4.516554] ACPI: PCI Interrupt Link [LNKB] (IRQs 5 9 10 *11)
[    4.552711] ACPI: PCI Interrupt Link [LNKC] (IRQs 5 9 *10 11)
[    4.598110] ACPI: PCI Interrupt Link [LNKD] (IRQs 5 *9 10 11)
[    4.625337] ACPI: Enabled 2 GPEs in block 00 to 07
[    4.634255] vgaarb: setting as boot device: PCI:0000:00:02.0
[    4.635799] vgaarb: device added: PCI:0000:00:02.0,decodes=io+mem,owns=io+mem,locks=none
[    4.647941] vgaarb: loaded
[    4.650157] vgaarb: bridge control possible 0000:00:02.0
[    4.682517] SCSI subsystem initialized
[    4.713410] ACPI: bus type USB registered
[    4.752910] usbcore: registered new interface driver usbfs
[    4.794353] usbcore: registered new interface driver hub
[    4.810269] usbcore: registered new device driver usb
[    4.845161] PCI: Using ACPI for IRQ routing
[    4.863310] NetLabel: Initializing
[    4.887695] NetLabel:  domain hash size = 128
[    4.898525] NetLabel:  protocols = UNLABELED CIPSOv4
[    4.899954] NetLabel:  unlabeled traffic allowed by default
[    4.936744] amd_nb: Cannot enumerate AMD northbridges
[    4.966464] clocksource: Switched to clocksource kvm-clock
[    4.979118] AppArmor: AppArmor Filesystem Enabled
[    5.033098] pnp: PnP ACPI init
[    5.077849] pnp: PnP ACPI: found 3 devices
[    5.133836] clocksource: acpi_pm: mask: 0xffffff max_cycles: 0xffffff, max_idle_ns: 2085701024 ns
[    5.159060] NET: Registered protocol family 2
[    5.160523] TCP established hash table entries: 8192 (order: 4, 65536 bytes)
[    5.222670] TCP bind hash table entries: 8192 (order: 5, 131072 bytes)
[    5.228299] TCP: Hash tables configured (established 8192 bind 8192)
[    5.251275] UDP hash table entries: 512 (order: 2, 16384 bytes)
[    5.318690] UDP-Lite hash table entries: 512 (order: 2, 16384 bytes)
[    5.411842] NET: Registered protocol family 1
[    5.433449] pci 0000:00:00.0: Limiting direct PCI/PCI transfers
[    5.434997] pci 0000:00:01.0: Activating ISA DMA hang workarounds
[    5.436751] Unpacking initramfs...
[    7.691073] Freeing initrd memory: 10840K (ffff880036ac4000 - ffff88003755a000)
[    7.739692] RAPL PMU detected, API unit is 2^-32 Joules, 4 fixed counters 10737418240 ms ovfl timer
[    7.820851] hw unit of domain pp0-core 2^-0 Joules
[    7.873013] hw unit of domain package 2^-0 Joules
[    7.886490] hw unit of domain dram 2^-0 Joules
[    7.932726] hw unit of domain pp1-gpu 2^-0 Joules
[    8.010313] platform rtc_cmos: registered platform RTC device (no PNP device found)
[    8.035788] Scanning for low memory corruption every 60 seconds
[    8.053034] audit: initializing netlink subsys (disabled)
[    8.072883] audit: type=2000 audit(1502293977.161:1): initialized
[    8.090416] Initialise system trusted keyring
[    8.111610] HugeTLB registered 2 MB page size, pre-allocated 0 pages
[    8.194377] zbud: loaded
[    8.213202] VFS: Disk quotas dquot_6.6.0
[    8.223745] VFS: Dquot-cache hash table entries: 512 (order 0, 4096 bytes)
[    8.252753] squashfs: version 4.0 (2009/01/31) Phillip Lougher
[    8.346426] fuse init (API version 7.23)
[    8.405194] Key type big_key registered
[    8.452843] Allocating IMA MOK and blacklist keyrings.
[    8.548846] Key type asymmetric registered
[    8.602931] Asymmetric key parser 'x509' registered
[    8.653118] Block layer SCSI generic (bsg) driver version 0.4 loaded (major 249)
[    8.730235] io scheduler noop registered
[    8.796617] io scheduler deadline registered (default)
[    8.836800] io scheduler cfq registered
[    8.901464] pci_hotplug: PCI Hot Plug PCI Core version: 0.5
[    8.983171] pciehp: PCI Express Hot Plug Controller Driver version: 0.4
[    9.072803] tsc: Refined TSC clocksource calibration: 1598.115 MHz
[    9.097542] clocksource: tsc: mask: 0xffffffffffffffff max_cycles: 0x1709303c9f2, max_idle_ns: 440795208926 ns
[    9.097940] ACPI: AC Adapter [AC] (off-line)
[    9.097995] input: Power Button as /devices/LNXSYSTM:00/LNXPWRBN:00/input/input0
[    9.097998] ACPI: Power Button [PWRF]
[    9.098076] input: Sleep Button as /devices/LNXSYSTM:00/LNXSLPBN:00/input/input1
[    9.098078] ACPI: Sleep Button [SLPF]
[    9.163799] ACPI: Battery Slot [BAT0] (battery present)
[    9.163855] GHES: HEST is not enabled!
[    9.195322] Serial: 8250/16550 driver, 32 ports, IRQ sharing enabled
[    9.226778] 00:02: ttyS0 at I/O 0x3f8 (irq = 4, base_baud = 115200) is a 16550A
[    9.306074] Linux agpgart interface v0.103
[    9.308527] loop: module loaded
[    9.309150] scsi host0: ata_piix
[    9.309211] scsi host1: ata_piix
[    9.309244] ata1: PATA max UDMA/33 cmd 0x1f0 ctl 0x3f6 bmdma 0xd000 irq 14
[    9.309245] ata2: PATA max UDMA/33 cmd 0x170 ctl 0x376 bmdma 0xd008 irq 15
[    9.309320] libphy: Fixed MDIO Bus: probed
[    9.309323] tun: Universal TUN/TAP device driver, 1.6
[    9.309323] tun: (C) 1999-2004 Max Krasnyansky <maxk@qualcomm.com>
[    9.309652] PPP generic driver version 2.4.2
[    9.309709] ehci_hcd: USB 2.0 'Enhanced' Host Controller (EHCI) Driver
[    9.309713] ehci-pci: EHCI PCI platform driver
[    9.309731] ehci-platform: EHCI generic platform driver
[    9.309740] ohci_hcd: USB 1.1 'Open' Host Controller (OHCI) Driver
[    9.309743] ohci-pci: OHCI PCI platform driver
[    9.309751] ohci-platform: OHCI generic platform driver
[    9.309759] uhci_hcd: USB Universal Host Controller Interface driver
[    9.309817] i8042: PNP: PS/2 Controller [PNP0303:PS2K,PNP0f03:PS2M] at 0x60,0x64 irq 1,12
[    9.310315] serio: i8042 KBD port at 0x60,0x64 irq 1
[    9.310319] serio: i8042 AUX port at 0x60,0x64 irq 12
[    9.310420] mousedev: PS/2 mouse device common for all mice
[    9.310734] input: AT Translated Set 2 keyboard as /devices/platform/i8042/serio0/input/input2
[    9.311089] rtc_cmos rtc_cmos: rtc core: registered rtc_cmos as rtc0
[    9.311150] rtc_cmos rtc_cmos: alarms up to one day, 114 bytes nvram
[    9.311157] i2c /dev entries driver
[    9.311212] device-mapper: uevent: version 1.0.3
[    9.311266] device-mapper: ioctl: 4.34.0-ioctl (2015-10-28) initialised: dm-devel@redhat.com
[    9.311284] ledtrig-cpu: registered to indicate activity on CPUs
[    9.311542] NET: Registered protocol family 10
[    9.311683] NET: Registered protocol family 17
[    9.311695] Key type dns_resolver registered
[    9.311838] microcode: CPU0 sig=0x306d4, pf=0x40, revision=0x0
[    9.313144] microcode: CPU1 sig=0x306d4, pf=0x40, revision=0x0
[    9.313169] microcode: Microcode Update Driver: v2.01 <tigran@aivazian.fsnet.co.uk>, Peter Oruba
[    9.313287] registered taskstats version 1
[    9.313302] Loading compiled-in X.509 certificates
[    9.313998] Loaded X.509 cert 'Build time autogenerated kernel key: 420a71e958a947963108b13c1c2e45412a03ca90'
[    9.314014] zswap: loaded using pool lzo/zbud
[    9.315907] Key type trusted registered
[    9.318233] Key type encrypted registered
[    9.318239] AppArmor: AppArmor sha1 policy hashing enabled
[    9.318241] ima: No TPM chip found, activating TPM-bypass!
[    9.318257] evm: HMAC attrs: 0x1
[    9.318661]   Magic number: 13:617:891
[    9.318677] event_source msr: hash matches
[    9.320529] rtc_cmos rtc_cmos: setting system clock to 2017-08-09 15:52:57 UTC (1502293977)
[    9.320612] BIOS EDD facility v0.16 2004-Jun-25, 0 devices found
[    9.320613] EDD information not available.
[   11.705447] Freeing unused kernel memory: 1488K (ffffffff81f45000 - ffffffff820b9000)
[   11.755852] Write protecting the kernel read-only data: 14336k
[   11.827207] Freeing unused kernel memory: 1752K (ffff88000184a000 - ffff880001a00000)
[   11.910561] Freeing unused kernel memory: 112K (ffff880001de4000 - ffff880001e00000)
Loading, please wait...
[   11.945190] random: systemd-udevd: uninitialized urandom read (16 bytes read, 7 bits of entropy available)
starting version[   11.945872] random: udevadm: uninitialized urandom read (16 bytes read, 7 bits of entropy available)
 229
[   11.945910] random: udevadm: uninitialized urandom read (16 bytes read, 7 bits of entropy available)
[   11.946024] random: udevadm: uninitialized urandom read (16 bytes read, 7 bits of entropy available)
[   11.946068] random: udevadm: uninitialized urandom read (16 bytes read, 7 bits of entropy available)
[   11.946108] random: udevadm: uninitialized urandom read (16 bytes read, 7 bits of entropy available)
[   11.946147] random: udevadm: uninitialized urandom read (16 bytes read, 7 bits of entropy available)
[   11.946223] random: udevadm: uninitialized urandom read (16 bytes read, 7 bits of entropy available)
[   11.946267] random: udevadm: uninitialized urandom read (16 bytes read, 7 bits of entropy available)
[   11.946314] random: udevadm: uninitialized urandom read (16 bytes read, 7 bits of entropy available)
[   12.513610] e1000: Intel(R) PRO/1000 Network Driver - version 7.3.21-k8-NAPI
[   12.673651] e1000: Copyright (c) 1999-2006 Intel Corporation.
[   12.705419] Fusion MPT base driver 3.04.20
[   12.746268] Copyright (c) 1999-2008 LSI Corporation
[   12.755632] Fusion MPT SPI Host driver 3.04.20
[   12.774092] AVX version of gcm_enc/dec engaged.
[   12.776641] AES CTR mode by8 optimization enabled
[   12.987985] input: ImExPS/2 Generic Explorer Mouse as /devices/platform/i8042/serio1/input/input4
[   13.107487] e1000 0000:00:03.0 eth0: (PCI:33MHz:32-bit) 02:c0:e2:3c:71:11
[   13.166500] e1000 0000:00:03.0 eth0: Intel(R) PRO/1000 Network Connection
[   13.609496] e1000 0000:00:08.0 eth1: (PCI:33MHz:32-bit) 08:00:27:71:6a:b5
[   13.672974] e1000 0000:00:08.0 eth1: Intel(R) PRO/1000 Network Connection
[   13.721481] e1000 0000:00:03.0 enp0s3: renamed from eth0
[   13.755714] mptbase: ioc0: Initiating bringup
[   13.786937] e1000 0000:00:08.0 enp0s8: renamed from eth1
[   13.871336] ioc0: LSI53C1030 A0: Capabilities={Initiator}
[   14.187015] scsi host2: ioc0: LSI53C1030 A0, FwRev=00000000h, Ports=1, MaxQ=256, IRQ=20
[   14.487595] scsi 2:0:0:0: Direct-Access     VBOX     HARDDISK         1.0  PQ: 0 ANSI: 5
[   14.533670] scsi target2:0:0: Beginning Domain Validation
[   14.599064] scsi target2:0:0: Domain Validation skipping write tests
[   14.650893] scsi target2:0:0: Ending Domain Validation
[   14.657779] scsi target2:0:0: asynchronous
[   14.702996] scsi 2:0:1:0: Direct-Access     VBOX     HARDDISK         1.0  PQ: 0 ANSI: 5
[   14.824340] scsi target2:0:1: Beginning Domain Validation
[   14.888072] scsi target2:0:1: Domain Validation skipping write tests
[   14.924841] scsi target2:0:1: Ending Domain Validation
[   14.943144] scsi target2:0:1: asynchronous
[   14.987749] sd 2:0:0:0: [sda] 20971520 512-byte logical blocks: (10.7 GB/10.0 GiB)
[   14.990903] sd 2:0:0:0: [sda] Write Protect is off
[   14.990904] sd 2:0:0:0: Attached scsi generic sg0 type 0
[   15.037274] sd 2:0:0:0: [sda] Incomplete mode parameter data
[   15.048419] sd 2:0:0:0: [sda] Assuming drive cache: write through
[   15.050769] sd 2:0:1:0: Attached scsi generic sg1 type 0
[   15.163478] sd 2:0:1:0: [sdb] 20480 512-byte logical blocks: (10.5 MB/10.0 MiB)
[   15.217514] sd 2:0:1:0: [sdb] Write Protect is off
[   15.258611] sd 2:0:1:0: [sdb] Incomplete mode parameter data
[   15.299654] sd 2:0:1:0: [sdb] Assuming drive cache: write through
[   15.353280]  sda: sda1
[   15.354300] sd 2:0:1:0: [sdb] Attached SCSI disk
[   15.464379] sd 2:0:0:0: [sda] Attached SCSI disk
[   15.787383] floppy0: no floppy controllers found
[   15.880658] work still pending
Begin: Loading essential drivers[   17.326688] md: linear personality registered for level -1
 ... [   17.393213] md: multipath personality registered for level -4
[   17.461316] md: raid0 personality registered for level 0
[   17.535836] md: raid1 personality registered for level 1
[   17.734951] raid6: sse2x1   gen()  8232 MB/s
[   17.850606] raid6: sse2x1   xor()  5874 MB/s
[   18.016325] raid6: sse2x2   gen()  9976 MB/s
[   18.171959] raid6: sse2x2   xor()  6898 MB/s
[   18.250602] raid6: sse2x4   gen()  6541 MB/s
[   18.338537] raid6: sse2x4   xor()  6049 MB/s
[   18.362572] raid6: using algorithm sse2x2 gen() 9976 MB/s
[   18.387282] raid6: .... xor() 6898 MB/s, rmw enabled
[   18.407355] raid6: using ssse3x2 recovery algorithm
[   18.416409] xor: automatically using best checksumming function:
[   18.470908]    avx       : 14628.000 MB/sec
[   18.482887] async_tx: api initialized (async)
[   18.510132] md: raid6 personality registered for level 6
[   18.523766] md: raid5 personality registered for level 5
[   18.532079] md: raid4 personality registered for level 4
[   18.555513] md: raid10 personality registered for level 10
done.
Begin: Running /scripts/init-premount ... done.
Begin: Mounting root file system ... Begin: Running /scripts/local-top ... done.
Begin: Running /scripts/local-premount ... [   18.616708] Btrfs loaded
Scanning for Btrfs filesystems
done.
Warning: fsck no[   18.693832] EXT4-fs (sda1): mounted filesystem with ordered data mode. Opts: (null)
t present, so skipping root file system
done.
Begin: Running /scripts/local-bottom ... done.
Begin: Running /scripts/init-bottom ... done.
[   18.933468] systemd[1]: systemd 229 running in system mode. (+PAM +AUDIT +SELINUX +IMA +APPARMOR +SMACK +SYSVINIT +UTMP +LIBCRYPTSETUP +GCRYPT +GNUTLS +ACL +XZ -LZ4 +SECCOMP +BLKID +ELFUTILS +KMOD -IDN)
[   18.974730] systemd[1]: Detected virtualization oracle.
[   19.012326] systemd[1]: Detected architecture x86-64.

Welcome to [1mUbuntu 16.04.3 LTS[0m!

[   19.065049] systemd[1]: Set hostname to <ubuntu>.
[   19.090317] systemd[1]: Initializing machine ID from random generator.
[   19.125537] systemd[1]: Installed transient /etc/machine-id file.
[   19.340713] systemd[1]: Listening on udev Kernel Socket.
[[0;32m  OK  [0m] Listening on udev Kernel Socket.
[   19.358262] systemd[1]: Listening on udev Control Socket.
[[0;32m  OK  [0m] Listening on udev Control Socket.
[   19.375760] systemd[1]: Listening on Journal Socket (/dev/log).
[[0;32m  OK  [0m] Listening on Journal Socket (/dev/log).
[   19.402896] systemd[1]: Listening on /dev/initctl Compatibility Named Pipe.
[[0;32m  OK  [0m] Listening on /dev/initctl Compatibility Named Pipe.
[   19.447400] systemd[1]: Listening on Device-mapper event daemon FIFOs.
[[0;32m  OK  [0m] Listening on Device-mapper event daemon FIFOs.
[   19.535668] systemd[1]: Created slice System Slice.
[[0;32m  OK  [0m] Created slice System Slice.
[   19.641665] systemd[1]: Listening on Journal Audit Socket.
[[0;32m  OK  [0m] Listening on Journal Audit Socket.
[   19.727002] systemd[1]: Listening on Journal Socket.
[[0;32m  OK  [0m] Listening on Journal Socket.
[   19.843008] systemd[1]: Starting Create list of required static device nodes for the current kernel...
[   19.843500] random: nonblocking pool is initialized
         Starting Create list of required st... nodes for the current kernel...
[   20.063306] systemd[1]: Starting Load Kernel Modules...
[   20.077328] Loading iSCSI transport class v2.0-870.
         Starting Load Kernel Mo[   20.133458] iscsi: registered transport (tcp)
dules...
[   20.175120] systemd[1]: Starting Nameserver information manager...
         Starting Nameserver information manager...
[   20.205291] iscsi: registered transport (iser)
[   20.205297] systemd[1]: Mounting Huge Pages File System...
         Mounting Huge Pages File System...
[   20.263466] systemd[1]: Created slice User and Session Slice.
[[0;32m  OK  [0m] Created slice User and Session Slice.
[   20.387465] systemd[1]: Starting Uncomplicated firewall...
         Starting Uncomplicated firewall...
[   20.487441] systemd[1]: Created slice system-serial\x2dgetty.slice.
[[0;32m  OK  [0m] Created slice system-serial\x2dgetty.slice.
[   20.542698] systemd[1]: Mounting Debug File System...
         Mounting Debug File System...
[   20.551514] systemd[1]: Listening on LVM2 metadata daemon socket.
[[0;32m  OK  [0m] Listening on LVM2 metadata daemon socket.
[   20.683167] systemd[1]: Starting Monitoring of LVM2 mirrors, snapshots etc. using dmeventd or progress polling...
         Starting Monitoring of LVM2 mirrors... dmeventd or progress polling...
[   20.859360] systemd[1]: Reached target Slices.
[[0;32m  OK  [0m] Reached target Slices.
[   20.939448] systemd[1]: Listening on Syslog Socket.
[[0;32m  OK  [0m] Listening on Syslog Socket.
[   21.091351] systemd[1]: Starting Journal Service...
         Starting Journal Service...
[   21.135101] systemd[1]: Started Forward Password Requests to Wall Directory Watch.
[[0;32m  OK  [0m] Started Forward Password Requests to Wall Directory Watch.
[   21.351112] systemd[1]: Started Trigger resolvconf update for networkd DNS.
[[0;32m  OK  [0m] Started Trigger resolvconf update for networkd DNS.
[   21.502782] systemd[1]: Mounting POSIX Message Queue File System...
         Mounting POSIX Message Queue File System...
[   21.646765] systemd[1]: Starting Set console keymap...
         Starting Set console keymap...
[   21.698615] systemd[1]: Reached target Swap.
[[0;32m  OK  [0m] Reached target Swap.
[   21.751176] systemd[1]: Reached target Encrypted Volumes.
[[0;32m  OK  [0m] Reached target Encrypted Volumes.
[   21.806068] systemd[1]: Reached target User and Group Name Lookups.
[[0;32m  OK  [0m] Reached target User and Group Name Lookups.
[   21.818834] systemd[1]: Starting Remount Root and Kernel File Systems...
[   21.821264] EXT4-fs (sda1): re-mounted. Opts: (null)
         Starting Remount Root and Kernel File Systems...
[   21.847254] systemd[1]: Listening on LVM2 poll daemon socket.
[[0;32m  OK  [0m] Listening on LVM2 poll daemon socket.
[   21.851478] systemd[1]: Set up automount Arbitrary Executable File Formats File System Automount Point.
[[0;32m  OK  [0m] Set up automount Arbitrary Executab...ats File System Automount Point.
[   21.863437] systemd[1]: Mounted POSIX Message Queue File System.
[[0;32m  OK  [0m] Mounted POSIX Message Queue File System.
[   21.872981] systemd[1]: Mounted Huge Pages File System.
[[0;32m  OK  [0m] Mounted Huge Pages File System.
[   21.875908] systemd[1]: Mounted Debug File System.
[[0;32m  OK  [0m] Mounted Debug File System.
[   21.878662] systemd[1]: Started Journal Service.
[[0;32m  OK  [0m] Started Journal Service.
[[0;32m  OK  [0m] Started Create list of required sta...ce nodes for the current kernel.
[[0;32m  OK  [0m] Started Load Kernel Modules.
[[0;32m  OK  [0m] Started Uncomplicated firewall.
[[0;32m  OK  [0m] Started Set console keymap.
[[0;32m  OK  [0m] Started Remount Root and Kernel File Systems.
[[0;32m  OK  [0m] Started Nameserver information manager.
[[0;32m  OK  [0m] Started LVM2 metadata daemon.
         Starting udev Coldplug all Devices...
         Starting Initial cloud-init job (pre-networking)...
         Starting Load/Save Random Seed...
         Mounting FUSE Control File System...
         Starting Apply Kernel Variables...
         Starting Create Static Device Nodes in /dev...
         Starting Flush Journal to Persistent Storage...
[[0;32m  OK  [0m] Mounted FUSE Control File System.
[[0;32m  OK  [0m] Started Load/Save Random Seed.
[[0;32m  OK  [0m] Started Apply Kernel Variables.
[[0;32m  OK  [0m] Started Create Static Device Nodes in /dev.
[[0;32m  OK  [0m] Started Monitoring of LVM2 mirrors,...ng dmeventd or progress polling.
[[0;32m  OK  [0m] Started udev Coldplug all Devices.
[[0;32m  OK  [0m] Started Flush Journal to Persistent Storage.
         Starting udev Kernel Device Manager...
[[0;32m  OK  [0m] Started udev Kernel Device Manager.
[[0;32m  OK  [0m] Started Dispatch Password Requests to Console Directory Watch.
[[0;32m  OK  [0m] Reached target Local File Systems (Pre).
[[0;32m  OK  [0m] Reached target Local File Systems.
         Starting Tell Plymouth To Write Out Runtime Data...
         Starting Commit a transient machine-id on disk...
         Starting Set console font and keymap...
         Starting LSB: AppArmor initialization...
         Starting Create Volatile Files and Directories...
[[0;32m  OK  [0m] Started Tell Plymouth To Write Out Runtime Data.
[[0;32m  OK  [0m] Started Commit a transient machine-id on disk.
[[0;32m  OK  [0m] Started Create Volatile Files and Directories.
[[0;32m  OK  [0m] Found device /dev/ttyS0.
         Starting Update UTMP about System Boot/Shutdown...
[[0;32m  OK  [0m] Reached target System Time Synchronized.
[[0;32m  OK  [0m] Started Update UTMP about System Boot/Shutdown.
[[0;32m  OK  [0m] Listening on Load/Save RF Kill Switch Status /dev/rfkill Watch.
[   19.337932] cloud-init[445]: Cloud-init v. 0.7.9 running 'init-local' at Wed, 09 Aug 2017 15:53:11 +0000. Up 18.92 seconds.
[[0;32m  OK  [0m] Started Initial cloud-init job (pre-networking).
[[0;1;31mFAILED[0m] Failed to start Set console font and keymap.
See 'systemctl status console-setup.service' for details.
[[0;32m  OK  [0m] Started LSB: AppArmor initialization.
[[0;32m  OK  [0m] Created slice system-getty.slice.
[[0;32m  OK  [0m] Reached target Network (Pre).
         Starting Raise network interfaces...
[[0;32m  OK  [0m] Started Raise network interfaces.
         Starting Initial cloud-init job (metadata service crawler)...
[[0;32m  OK  [0m] Reached target Network.
[   23.152888] cloud-init[916]: Cloud-init v. 0.7.9 running 'init' at Wed, 09 Aug 2017 15:53:14 +0000. Up 22.24 seconds.
[[0;32m  OK  [0m] Started Initial cloud-init job (metadata service crawler).
[[0;32m  OK  [0m] Reached target System Initialization.
[[0;32m  OK  [0m] Started Daily Cleanup of Temporary Directories.
[   23.247199] cloud-init[916]: ci-info: ++++++++++++++++++++++++++++++++++++++Net device info++++++++++++++++++++++++++++++++++++++
[   23.352469] [cloud-init[0;32m  OK  [0m[916]: ] ci-info: +--------+-------+----------------------------+---------------+-------+-------------------+Listening on UUID daemon activation socket.

[   23.401877] cloud-init[916]: ci-info: | Device |   Up  |          Address           |      Mask     | Scope |     Hw-Address    |
[   23.444983] cloud-init[916]: ci-info: +--------+-------+----------------------------+---------------+-------+-------------------+
[   23.476873] cloud-init[916]: ci-info: | enp0s8 | False |             .              |       .       |   .   | 08:00:27:71:6a:b5 |
[   23.504454] cloud-init[916]: ci-info: |   lo   |  True |         127.0.0.1          |   255.0.0.0   |   .   |         .         |
[   23.568854] cloud-init[916]: ci-info: |   lo   |  True |          ::1/128           |       .       |  host |         .         |
[   23.604591] cloud-init[916]: ci-info: | enp0s3 |  True |         10.0.2.15          | 255.255.255.0 |   .   | 02:c0:e2:3c:71:11 |
         Starting LXD - unix socket.
         Starting Socket activation for snappy daemon.
[   23.651632] cloud-init[916]: ci-info: | enp0s3 |  True | fe80::c0:e2ff:fe3c:7111/64 |       .       |  link | 02:c0:e2:3c:71:11 |
[[0;32m  OK  [0m] Started Timer to automatically refresh installed snaps.
[   23.673640] cloud-init[916]: ci-info: +--------+-------+----------------------------+---------------+-------+-------------------+
[[0;32m  OK  [0m] Listening on ACPID Listen Socket.
[   23.696292] [cloud-init[0;32m  OK  [0m[916]: ] ci-info: +++++++++++++++++++++++++++Route IPv4 info++++++++++++++++++++++++++++Listening on D-Bus System Message Bus Socket.

[   23.801191] [cloud-init[0;32m  OK  [0m[916]: ] ci-info: +-------+-------------+----------+---------------+-----------+-------+Started ACPI Events Check.

[   23.801968] [cloud-init[0;32m  OK  [0m[916]: ] ci-info: | Route | Destination | Gateway  |    Genmask    | Interface | Flags |Reached target Paths.

[   23.916667] [cloud-init[0;32m  OK  [0m] Reached target Network is Online.
[916]: ci-info: +-------+-------------+----------+---------------+-----------+-------+
[   24.024500] [cloud-init[0;32m  OK  [0m[916]: ] ci-info: |   0   |   0.0.0.0   | 10.0.2.2 |    0.0.0.0    |   enp0s3  |   UG  |Started Daily apt download activities.

[   24.025376] [cloud-init[0;32m  OK  [0m[916]: ] ci-info: |   1   |   10.0.2.0  | 0.0.0.0  | 255.255.255.0 |   enp0s3  |   U   |Started Daily apt upgrade and clean activities.

[   24.220489] [cloud-init[0;32m  OK  [0m[916]: ] ci-info: +-------+-------------+----------+---------------+-----------+-------+Reached target Timers.

[   24.252740]          cloud-initStarting iSCSI initiator daemon (iscsid)...[916]: 
Generating public/private rsa key pair.
[   24.300463] [cloud-init[0;32m  OK  [0m[916]: ] Your identification has been saved in /etc/ssh/ssh_host_rsa_key.Reached target Cloud-config availability.

[   24.301219] cloud-init[916]: Your public key has been saved in /etc/ssh/ssh_host_rsa_key.pub.
[[0;32m  OK  [0m] Listening on LXD - unix socket.
[   24.347948] cloud-init[916]: The key fingerprint is:
[   24.353913] [cloud-init[0;32m  OK  [0m[916]: ] SHA256:m3nmZBJMvxHf915Xtto57ddLc2wYr/A+guLf07DGJhc root@ubuntu-xenialListening on Socket activation for snappy daemon.

[   24.424521] [cloud-init[0;32m  OK  [0m[916]: ] The key's randomart image is:Started iSCSI initiator daemon (iscsid).

[   24.425338] cloud-init[916]: +---[RSA 2048]----+
[   24.467868] cloud-init[916]: |                 |
[   24.484761]          cloud-initStarting Login to default iSCSI targets...[916]: 
|                 |
[   24.508445] [cloud-init[0;32m  OK  [0m[916]: ] |        . .      |Reached target Sockets.

[   24.556516] [cloud-init[0;32m  OK  [0m[916]: ] |       o . o .   |Reached target Basic System.

[   24.557379] cloud-init[916]: |        S o . o +|
[   24.608440] cloud-init[916]: |         = oE  B+|
         Starting LSB: MD monitoring daemon...
[   24.640030] cloud-init[916]: |        = *o.=.+@|
[   24.680251] cloud-init[916]: |        .Bo.Oo*=X|
         Starting Accounts Service...
[   24.729552] cloud-init[916]: |       ..oo=.=+**|
[   24.820542] cloud-init[916]: +----[SHA256]-----+
[   24.830952] cloud-init[916]: Generating public/private dsa key pair.
[   24.880461] cloud-init[916]: Your identification has been saved in /etc/ssh/ssh_host_dsa_key.
[   24.880602] cloud-init[916]: Your public key has been saved in /etc/ssh/ssh_host_dsa_key.pub.
[   24.881066] cloud-init[916]: The key fingerprint is:
[   24.881137] cloud-init[916]: SHA256:ip4bONmNbVU1496w1bY4HO+IT+tlUXDpQLlWAWrCEes root@ubuntu-xenial
[   24.881198] cloud-init[916]: The key's randomart image is:
[   24.881297] cloud-init[916]: +---[DSA 1024]----+
[   24.881365] cloud-init[916]: |         o. =o+.+|
[   24.881420] cloud-init[916]: |        . oo.= * |
[   24.881472] cloud-init[916]: |         +.oo.* +|
[   24.881519] cloud-init[916]: |        ..o..B+oo|
[   24.881577] cloud-init[916]: |        SE  ++.+ |
[   24.881646] cloud-init[916]: |   + = o    . + .|
[   24.881703] cloud-init[916]: |  + = =    . o + |
[   24.881801] cloud-init[916]: |   o +      o +  |
[   24.881923] cloud-init[916]: |    +.      .+   |
[   24.882052] cloud-init[916]: +----[SHA256]-----+
         Starting Login Service...
[   24.882202] cloud-init[916]: Generating public/private ecdsa key pair.
[   25.144874] cloud-init[916]: Your identification has been saved in /etc/ssh/ssh_host_ecdsa_key.
[   25.221203] cloud-init[916]: Your public key has been saved in /etc/ssh/ssh_host_ecdsa_key.pub.
         Starting LXD - container startup/shutdown...
[   25.295809] cloud-init[916]: The key fingerprint is:
[   25.356586] cloud-init[916]: SHA256:x5pD8bM5SEcA025JuxHETZx71Y7xzVofSxWkZcfXxBE root@ubuntu-xenial
         Starting System Logging Service...
[   25.388238] cloud-init[916]: The key's randomart image is:
[   25.424528] cloud-init[916]: +---[ECDSA 256]---+
         Starting LSB: Record successful boot for GRUB...
[   25.448144] cloud-init[916]: |      o=o+..  .EB|
[[0;32m  OK  [0m] Started Regular background program processing daemon.
[   25.511014] cloud-init[916]: |       .=.+   * O|
         Starting Pollinate to seed the pseudo random number generator...
         Starting /etc/rc.local Compatibility...
[   25.578882] cloud-init[916]: |       o.+.. o *+|
[   25.638307] cloud-init[916]: |        *=. . .o*|
[[0;32m  OK  [0m] Started Deferred execution scheduler.
[   25.664176] cloud-init[916]: |       .So*.  .o+|
[[0;32m  OK  [0m] Started Snappy daemon.
         Starting Auto import assertions from block devices...
[   25.707271] cloud-init[916]: |       o.* +  ...|
[[0;32m  OK  [0m] Started FUSE filesystem for LXC.
[   25.811968] cloud-init[916]: |        = +      |
[   25.871675] cloud-init[916]: |         . .     |
[[   25.887070] cloud-init[916]: |                 |
[   25.887894] cloud-init[916]: +----[SHA256]-----+
[0;32m  OK  [0m] Started D-Bus System Message Bus.
[   25.888939] cloud-init[916]: Generating public/private ed25519 key pair.
[   25.956579] cloud-init[916]: Your identification has been saved in /etc/ssh/ssh_host_ed25519_key.
         Starting Apply the settings specified in cloud-config...
[[0;32m  OK  [0m] Started Unattended Upgrades Shutdown.
[   25.987864] cloud-init[916]: Your public key has been saved in /etc/ssh/ssh_host_ed25519_key.pub.
[   26.020841] cloud-init[916]: The key fingerprint is:
[[0;32m  OK  [0m[   26.044720] cloud-init[916]: SHA256:H0gn0EkBjnph9KlBMw+kUWddbJ/rn2wQY6rY9+d5zaA root@ubuntu-xenial
[   26.044920] cloud-init[916]: The key's randomart image is:
[   26.045238] cloud-init[916]: +--[ED25519 256]--+
[   26.046018] cloud-init[916]: |  .oO ==o=.      |
] Started ACPI event daemon.
[[0;32m  OK  [0m] Started System Logging Service.
[[0;32m  OK  [0m] Started LXD - container startup/shutdown.
[   26.046211] cloud-init[916]: |   = @ o+ o      |
[   26.137044] cloud-init[916]: |  . = = o... .   |
[   26.140563] cloud-init[916]: |   o + . +  *    |
[[0;32m  OK  [0m[   26.145265] cloud-init[916]: |  . o   S .o +   |
[   26.145835] cloud-init[916]: |   .     ...o .  |
[   26.145997] cloud-init[916]: |       o ... o o.|
] Started Pollinate to seed the pseudo random number generator.
[[0;32m  OK  [0m] Started /etc/rc.local Compatibility.
[[0;32m  OK  [0m] Started Auto import assertions from block devices.
[   26.146144] cloud-init[916]: |      . o . E.oo+|
[   26.276711] cloud-init[916]: |         . ..=*. |
[   26.292932] cloud-init[916]: +----[SHA256]-----+
[[0;32m  OK  [0m] Started Login to default iSCSI targets.
[[0;32m  OK  [0m] Started LSB: MD monitoring daemon.
[[0;32m  OK  [0m] Started LSB: Record successful boot for GRUB.
[[0;32m  OK  [0m] Started Login Service.
         Starting Authenticate and Authorize Users to Run Privileged Tasks...
[[0;32m  OK  [0m] Reached target Remote File Systems (Pre).
[[0;32m  OK  [0m] Reached target Remote File Systems.
         Starting LSB: automatic crash report generation...
         Starting LSB: Set the CPU Frequency Scaling governor to "ondemand"...
         Starting LSB: daemon to balance interrupts for SMP systems...
         Starting Permit User Sessions...
         Starting LSB: VirtualBox Linux Additions...
         Starting OpenBSD Secure Shell server...
[[0;32m  OK  [0m] Started Permit User Sessions.
[[0;32m  OK  [0m] Started Authenticate and Authorize Users to Run Privileged Tasks.
[[0;32m  OK  [0m] Started OpenBSD Secure Shell server.
[[0;32m  OK  [0m] Started Accounts Service.
[[0;32m  OK  [0m] Started LSB: Set the CPU Frequency Scaling governor to "ondemand".
[[0;32m  OK  [0m] Started LSB: automatic crash report generation.
         Starting Terminate Plymouth Boot Screen...
         Starting Hold until boot process finishes up...
[[0;32m  OK  [0m] Started LSB: daemon to balance interrupts for SMP systems.
[[0;32m  OK  [0m] Started Terminate Plymouth Boot Screen.
[[0;32m  OK  [0m] Started Hold until boot process finishes up.
         Starting Set console scheme...
[[0;32m  OK  [0m] Started Serial Getty on ttyS0.
[[0;32m  OK  [0m] Started Getty on tty1.
[[0;32m  OK  [0m] Reached target Login Prompts.
[[0;32m  OK  [0m] Started LSB: VirtualBox Linux Additions.
[[0;32m  OK  [0m] Started Set console scheme.
[[0;32m  OK  [0m] Reached target Multi-User System.
[[0;32m  OK  [0m] Reached target Graphical Interface.
         Starting Update UTMP about System Runlevel Changes...
[   27.228343] cloud-init[1109]: Generating locales (this might take a while)...
[[0;32m  OK  [0m] Started Update UTMP about System Runlevel Changes.
[   28.612320] cloud-init[1109]:   en_US.UTF-8... done
[   28.664859] cloud-init[1109]: Generation complete.
         Stopping OpenBSD Secure Shell server...
[[0;32m  OK  [0m] Stopped OpenBSD Secure Shell server.
         Starting OpenBSD Secure Shell server...
[[0;32m  OK  [0m] Started OpenBSD Secure Shell server.
[[0;32m  OK  [0m] Created slice User Slice of ubuntu.
         Starting User Manager for UID 1000...
[[0;32m  OK  [0m] Started User Manager for UID 1000.
[[0;32m  OK  [0m] Started Session 1 of user ubuntu.
[   29.291626] cloud-init[1109]: Cloud-init v. 0.7.9 running 'modules:config' at Wed, 09 Aug 2017 15:53:19 +0000. Up 26.90 seconds.
[[0;32m  OK  [0m] Started Apply the settings specified in cloud-config.
         Starting Execute cloud user/final scripts...
ci-info: no authorized ssh keys fingerprints found for user ubuntu.
<14>Aug  9 15:53:22 ec2: 
<14>Aug  9 15:53:22 ec2: #############################################################
<14>Aug  9 15:53:22 ec2: -----BEGIN SSH HOST KEY FINGERPRINTS-----
<14>Aug  9 15:53:22 ec2: 1024 SHA256:ip4bONmNbVU1496w1bY4HO+IT+tlUXDpQLlWAWrCEes root@ubuntu-xenial (DSA)
<14>Aug  9 15:53:22 ec2: 256 SHA256:x5pD8bM5SEcA025JuxHETZx71Y7xzVofSxWkZcfXxBE root@ubuntu-xenial (ECDSA)
<14>Aug  9 15:53:22 ec2: 256 SHA256:H0gn0EkBjnph9KlBMw+kUWddbJ/rn2wQY6rY9+d5zaA root@ubuntu-xenial (ED25519)
<14>Aug  9 15:53:22 ec2: 2048 SHA256:m3nmZBJMvxHf915Xtto57ddLc2wYr/A+guLf07DGJhc root@ubuntu-xenial (RSA)
<14>Aug  9 15:53:22 ec2: -----END SSH HOST KEY FINGERPRINTS-----
<14>Aug  9 15:53:22 ec2: #############################################################
-----BEGIN SSH HOST KEY KEYS-----
ecdsa-sha2-nistp256 AAAAE2VjZHNhLXNoYTItbmlzdHAyNTYAAAAIbmlzdHAyNTYAAABBBPojwqbJTDlLiO8P8p+DL5heHnLrzTefsoT4/DKKxyE5M0TvFqp//SAzUL06Hj1CzaYb1RpP12oDwlW62McyRJY= root@ubuntu-xenial
ssh-ed25519 AAAAC3NzaC1lZDI1NTE5AAAAIGjwwNdOhJSIbO5jggyGrg2if3WffqNOx/Yg3UDADQ55 root@ubuntu-xenial
ssh-rsa AAAAB3NzaC1yc2EAAAADAQABAAABAQCvX2UWncDP9W0WFL4nAvjiEWTM3zyMzx2b53woD65fyttmWg7+RO3FEUr7OCnW1wNRjh0q0ZsO7OUN3nghWLHS+iyV7wgokxII5On+DCbd3a2ao5+j1Qkrr9guiA2kRAjnylZ1GLvaCudccFc73DfIaqM60kcyyjUpuKKDrpkz/fWp9SISfKTwCkdVqdVk0ekXZSnTVvRAVHYYJygtVP/VxR4MIXvRcnAoxHwUJ2RsUsFPAuvym53RhNyCgu8UOjWR3GxyzJZUVbScm3mP8ruwxxN8qdCxiP/00IiNJslGjd0M9bjlZ+osAyxeL7v4uZ4K3S+3j+ddDZe4rWklIG8v root@ubuntu-xenial
-----END SSH HOST KEY KEYS-----
[   30.678589] cloud-init[1356]: Cloud-init v. 0.7.9 running 'modules:final' at Wed, 09 Aug 2017 15:53:22 +0000. Up 29.97 seconds.
[   30.710207] cloud-init[1356]: ci-info: no authorized ssh keys fingerprints found for user ubuntu.
[   30.758838] cloud-init[1356]: Cloud-init v. 0.7.9 finished at Wed, 09 Aug 2017 15:53:23 +0000. Datasource DataSourceNoCloud [seed=/dev/sdb][dsmode=net].  Up 30.66 seconds
[[0;32m  OK  [0m] Started Execute cloud user/final scripts.
[[0;32m  OK  [0m] Reached target Cloud-init target.

Ubuntu 16.04.3 LTS ubuntu-xenial ttyS0

ubuntu-xenial login: 