[    0.000000] Initializing cgroup subsys cpuset
[    0.000000] Initializing cgroup subsys cpu
[    0.000000] Initializing cgroup subsys cpuacct
[    0.000000] Linux version 4.4.0-89-generic (buildd@lgw01-18) (gcc version 5.4.0 20160609 (Ubuntu 5.4.0-6ubuntu1~16.04.4) ) #112-Ubuntu SMP Mon Jul 31 19:38:41 UTC 2017 (Ubuntu 4.4.0-89.112-generic 4.4.76)
[    0.000000] Command line: BOOT_IMAGE=/boot/vmlinuz-4.4.0-89-generic root=LABEL=cloudimg-rootfs ro console=tty1 console=ttyS0
[    0.000000] KERNEL supported cpus:
[    0.000000]   Intel GenuineIntel
[    0.000000]   AMD AuthenticAMD
[    0.000000]   Centaur CentaurHauls
[    0.000000] x86/fpu: xstate_offset[2]:  576, xstate_sizes[2]:  256
[    0.000000] x86/fpu: Supporting XSAVE feature 0x01: 'x87 floating point registers'
[    0.000000] x86/fpu: Supporting XSAVE feature 0x02: 'SSE registers'
[    0.000000] x86/fpu: Supporting XSAVE feature 0x04: 'AVX registers'
[    0.000000] x86/fpu: Enabled xstate features 0x7, context size is 832 bytes, using 'standard' format.
[    0.000000] x86/fpu: Using 'lazy' FPU context switches.
[    0.000000] e820: BIOS-provided physical RAM map:
[    0.000000] BIOS-e820: [mem 0x0000000000000000-0x000000000009fbff] usable
[    0.000000] BIOS-e820: [mem 0x000000000009fc00-0x000000000009ffff] reserved
[    0.000000] BIOS-e820: [mem 0x00000000000f0000-0x00000000000fffff] reserved
[    0.000000] BIOS-e820: [mem 0x0000000000100000-0x000000003ffeffff] usable
[    0.000000] BIOS-e820: [mem 0x000000003fff0000-0x000000003fffffff] ACPI data
[    0.000000] BIOS-e820: [mem 0x00000000fec00000-0x00000000fec00fff] reserved
[    0.000000] BIOS-e820: [mem 0x00000000fee00000-0x00000000fee00fff] reserved
[    0.000000] BIOS-e820: [mem 0x00000000fffc0000-0x00000000ffffffff] reserved
[    0.000000] NX (Execute Disable) protection: active
[    0.000000] SMBIOS 2.5 present.
[    0.000000] Hypervisor detected: KVM
[    0.000000] e820: last_pfn = 0x3fff0 max_arch_pfn = 0x400000000
[    0.000000] MTRR: Disabled
[    0.000000] x86/PAT: MTRRs disabled, skipping PAT initialization too.
[    0.000000] x86/PAT: Configuration [0-7]: WB  WT  UC- UC  WB  WT  UC- UC  
[    0.000000] CPU MTRRs all blank - virtualized system.
[    0.000000] found SMP MP-table at [mem 0x0009fff0-0x0009ffff] mapped at [ffff88000009fff0]
[    0.000000] Scanning 1 areas for low memory corruption
[    0.000000] RAMDISK: [mem 0x36ac4000-0x37559fff]
[    0.000000] ACPI: Early table checksum verification disabled
[    0.000000] ACPI: RSDP 0x00000000000E0000 000024 (v02 VBOX  )
[    0.000000] ACPI: XSDT 0x000000003FFF0030 00003C (v01 VBOX   VBOXXSDT 00000001 ASL  00000061)
[    0.000000] ACPI: FACP 0x000000003FFF00F0 0000F4 (v04 VBOX   VBOXFACP 00000001 ASL  00000061)
[    0.000000] ACPI: DSDT 0x000000003FFF0470 0021C8 (v02 VBOX   VBOXBIOS 00000002 INTL 20100528)
[    0.000000] ACPI: FACS 0x000000003FFF0200 000040
[    0.000000] ACPI: FACS 0x000000003FFF0200 000040
[    0.000000] ACPI: APIC 0x000000003FFF0240 00005C (v02 VBOX   VBOXAPIC 00000001 ASL  00000061)
[    0.000000] ACPI: SSDT 0x000000003FFF02A0 0001CC (v01 VBOX   VBOXCPUT 00000002 INTL 20100528)
[    0.000000] No NUMA configuration found
[    0.000000] Faking a node at [mem 0x0000000000000000-0x000000003ffeffff]
[    0.000000] NODE_DATA(0) allocated [mem 0x3ffeb000-0x3ffeffff]
[    0.000000] kvm-clock: Using msrs 4b564d01 and 4b564d00
[    0.000000] kvm-clock: cpu 0, msr 0:3ffe3001, primary cpu clock
[    0.000000] kvm-clock: using sched offset of 3715593831 cycles
[    0.000000] clocksource: kvm-clock: mask: 0xffffffffffffffff max_cycles: 0x1cd42e4dffb, max_idle_ns: 881590591483 ns
[    0.000000] Zone ranges:
[    0.000000]   DMA      [mem 0x0000000000001000-0x0000000000ffffff]
[    0.000000]   DMA32    [mem 0x0000000001000000-0x000000003ffeffff]
[    0.000000]   Normal   empty
[    0.000000]   Device   empty
[    0.000000] Movable zone start for each node
[    0.000000] Early memory node ranges
[    0.000000]   node   0: [mem 0x0000000000001000-0x000000000009efff]
[    0.000000]   node   0: [mem 0x0000000000100000-0x000000003ffeffff]
[    0.000000] Initmem setup node 0 [mem 0x0000000000001000-0x000000003ffeffff]
[    0.000000] ACPI: PM-Timer IO Port: 0x4008
[    0.000000] IOAPIC[0]: apic_id 2, version 32, address 0xfec00000, GSI 0-23
[    0.000000] ACPI: INT_SRC_OVR (bus 0 bus_irq 0 global_irq 2 dfl dfl)
[    0.000000] ACPI: INT_SRC_OVR (bus 0 bus_irq 9 global_irq 9 high level)
[    0.000000] Using ACPI (MADT) for SMP configuration information
[    0.000000] smpboot: Allowing 2 CPUs, 0 hotplug CPUs
[    0.000000] PM: Registered nosave memory: [mem 0x00000000-0x00000fff]
[    0.000000] PM: Registered nosave memory: [mem 0x0009f000-0x0009ffff]
[    0.000000] PM: Registered nosave memory: [mem 0x000a0000-0x000effff]
[    0.000000] PM: Registered nosave memory: [mem 0x000f0000-0x000fffff]
[    0.000000] e820: [mem 0x40000000-0xfebfffff] available for PCI devices
[    0.000000] Booting paravirtualized kernel on KVM
[    0.000000] clocksource: refined-jiffies: mask: 0xffffffff max_cycles: 0xffffffff, max_idle_ns: 7645519600211568 ns
[    0.000000] setup_percpu: NR_CPUS:512 nr_cpumask_bits:512 nr_cpu_ids:2 nr_node_ids:1
[    0.000000] PERCPU: Embedded 33 pages/cpu @ffff88003fc00000 s98264 r8192 d28712 u1048576
[    0.000000] PV qspinlock hash table entries: 256 (order: 0, 4096 bytes)
[    0.000000] Built 1 zonelists in Node order, mobility grouping on.  Total pages: 257913
[    0.000000] Policy zone: DMA32
[    0.000000] Kernel command line: BOOT_IMAGE=/boot/vmlinuz-4.4.0-89-generic root=LABEL=cloudimg-rootfs ro console=tty1 console=ttyS0
[    0.000000] PID hash table entries: 4096 (order: 3, 32768 bytes)
[    0.000000] Memory: 1001736K/1048120K available (8474K kernel code, 1294K rwdata, 3984K rodata, 1488K init, 1316K bss, 46384K reserved, 0K cma-reserved)
[    0.000000] SLUB: HWalign=64, Order=0-3, MinObjects=0, CPUs=2, Nodes=1
[    0.000000] Hierarchical RCU implementation.
[    0.000000] 	Build-time adjustment of leaf fanout to 64.
[    0.000000] 	RCU restricting CPUs from NR_CPUS=512 to nr_cpu_ids=2.
[    0.000000] RCU: Adjusting geometry for rcu_fanout_leaf=64, nr_cpu_ids=2
[    0.000000] NR_IRQS:33024 nr_irqs:440 16
[    0.000000] Console: colour VGA+ 80x25
[    0.000000] console [tty1] enabled
[    0.000000] console [ttyS0] enabled
[    0.000000] tsc: Detected 1599.999 MHz processor
[    0.946833] Calibrating delay loop (skipped) preset value.. 3199.99 BogoMIPS (lpj=6399996)
[    0.962911] pid_max: default: 32768 minimum: 301
[    0.970641] ACPI: Core revision 20150930
[    0.975857] ACPI: 2 ACPI AML tables successfully acquired and loaded
[    0.985037] Security Framework initialized
[    0.992445] Yama: becoming mindful.
[    0.998515] AppArmor: AppArmor initialized
[    1.008897] Dentry cache hash table entries: 131072 (order: 8, 1048576 bytes)
[    1.027094] Inode-cache hash table entries: 65536 (order: 7, 524288 bytes)
[    1.058830] Mount-cache hash table entries: 2048 (order: 2, 16384 bytes)
[    1.072963] Mountpoint-cache hash table entries: 2048 (order: 2, 16384 bytes)
[    1.092281] Initializing cgroup subsys io
[    1.107883] Initializing cgroup subsys memory
[    1.122673] Initializing cgroup subsys devices
[    1.123924] Initializing cgroup subsys freezer
[    1.131705] Initializing cgroup subsys net_cls
[    1.133024] Initializing cgroup subsys perf_event
[    1.156148] Initializing cgroup subsys net_prio
[    1.157468] Initializing cgroup subsys hugetlb
[    1.167413] Initializing cgroup subsys pids
[    1.168643] CPU: Physical Processor ID: 0
[    1.169731] CPU: Processor Core ID: 0
[    1.171879] mce: CPU supports 0 MCE banks
[    1.188996] Last level iTLB entries: 4KB 64, 2MB 8, 4MB 8
[    1.191935] Last level dTLB entries: 4KB 64, 2MB 0, 4MB 0, 1GB 4
[    1.206789] Freeing SMP alternatives memory: 32K (ffffffff820b9000 - ffffffff820c1000)
[    1.223359] ftrace: allocating 32131 entries in 126 pages
[    1.277171] smpboot: APIC(0) Converting physical 0 to logical package 0
[    1.307725] smpboot: Max logical packages: 1
[    1.309371] x2apic enabled
[    1.313508] Switched APIC routing to physical x2apic.
[    1.338009] ..TIMER: vector=0x30 apic1=0 pin1=2 apic2=-1 pin2=-1
[    1.450991] smpboot: CPU0: Intel(R) Core(TM) i5-5250U CPU @ 1.60GHz (family: 0x6, model: 0x3d, stepping: 0x4)
[    1.491585] Performance Events: unsupported p6 CPU model 61 no PMU driver, software events only.
[    1.537507] KVM setup paravirtual spinlock
[    1.555428] x86: Booting SMP configuration:
[    1.562306] .... node  #0, CPUs:      #1
[    1.589574] kvm-clock: cpu 1, msr 0:3ffe3041, secondary cpu clock
[    1.604408] mce: CPU supports 0 MCE banks
[    1.614695] x86: Booted up 1 node, 2 CPUs
[    1.657148] smpboot: Total of 2 processors activated (6399.99 BogoMIPS)
[    1.712183] devtmpfs: initialized
[    1.726318] evm: security.selinux
[    1.758609] evm: security.SMACK64
[    1.789096] evm: security.SMACK64EXEC
[    1.830199] evm: security.SMACK64TRANSMUTE
[    1.861654] evm: security.SMACK64MMAP
[    1.862786] evm: security.ima
[    1.885024] evm: security.capability
[    1.903599] clocksource: jiffies: mask: 0xffffffff max_cycles: 0xffffffff, max_idle_ns: 7645041785100000 ns
[    1.966474] futex hash table entries: 512 (order: 3, 32768 bytes)
[    1.977114] pinctrl core: initialized pinctrl subsystem
[    1.978689] RTC time:  8:58:16, date: 08/09/17
[    2.009018] NET: Registered protocol family 16
[    2.051755] cpuidle: using governor ladder
[    2.075975] cpuidle: using governor menu
[    2.079202] PCCT header not found.
[    2.082532] ACPI: bus type PCI registered
[    2.110764] acpiphp: ACPI Hot Plug PCI Controller Driver version: 0.5
[    2.126639] PCI: Using configuration type 1 for base access
[    2.184926] ACPI: Added _OSI(Module Device)
[    2.213076] ACPI: Added _OSI(Processor Device)
[    2.253663] ACPI: Added _OSI(3.0 _SCP Extensions)
[    2.285528] ACPI: Added _OSI(Processor Aggregator Device)
[    2.333014] ACPI: Executed 1 blocks of module-level executable AML code
[    2.399278] ACPI: Interpreter enabled
[    2.429308] ACPI: (supports S0 S5)
[    2.439171] ACPI: Using IOAPIC for interrupt routing
[    2.454432] PCI: Using host bridge windows from ACPI; if necessary, use "pci=nocrs" and report a bug
[    2.525245] ACPI: PCI Root Bridge [PCI0] (domain 0000 [bus 00-ff])
[    2.553780] acpi PNP0A03:00: _OSC: OS supports [ASPM ClockPM Segments MSI]
[    2.592066] acpi PNP0A03:00: _OSC failed (AE_NOT_FOUND); disabling ASPM
[    2.633681] acpi PNP0A03:00: fail to add MMCONFIG information, can't access extended PCI configuration space under this bridge.
[    2.662236] PCI host bridge to bus 0000:00
[    2.680888] pci_bus 0000:00: root bus resource [io  0x0000-0x0cf7 window]
[    2.695163] pci_bus 0000:00: root bus resource [io  0x0d00-0xffff window]
[    2.696943] pci_bus 0000:00: root bus resource [mem 0x000a0000-0x000bffff window]
[    2.717817] pci_bus 0000:00: root bus resource [mem 0x40000000-0xffdfffff window]
[    2.726886] pci_bus 0000:00: root bus resource [bus 00-ff]
[    2.767492] pci 0000:00:01.1: legacy IDE quirk: reg 0x10: [io  0x01f0-0x01f7]
[    2.831829] pci 0000:00:01.1: legacy IDE quirk: reg 0x14: [io  0x03f6]
[    2.863328] pci 0000:00:01.1: legacy IDE quirk: reg 0x18: [io  0x0170-0x0177]
[    2.910158] pci 0000:00:01.1: legacy IDE quirk: reg 0x1c: [io  0x0376]
[    2.988517] pci 0000:00:07.0: quirk: [io  0x4000-0x403f] claimed by PIIX4 ACPI
[    3.040357] pci 0000:00:07.0: quirk: [io  0x4100-0x410f] claimed by PIIX4 SMB
[    3.076338] ACPI: PCI Interrupt Link [LNKA] (IRQs 5 9 10 *11)
[    3.124396] ACPI: PCI Interrupt Link [LNKB] (IRQs 5 9 10 *11)
[    3.147077] ACPI: PCI Interrupt Link [LNKC] (IRQs 5 9 *10 11)
[    3.186779] ACPI: PCI Interrupt Link [LNKD] (IRQs 5 *9 10 11)
[    3.211290] ACPI: Enabled 2 GPEs in block 00 to 07
[    3.237706] vgaarb: setting as boot device: PCI:0000:00:02.0
[    3.246076] vgaarb: device added: PCI:0000:00:02.0,decodes=io+mem,owns=io+mem,locks=none
[    3.274160] vgaarb: loaded
[    3.275076] vgaarb: bridge control possible 0000:00:02.0
[    3.282345] SCSI subsystem initialized
[    3.317838] ACPI: bus type USB registered
[    3.349982] usbcore: registered new interface driver usbfs
[    3.408347] usbcore: registered new interface driver hub
[    3.452477] usbcore: registered new device driver usb
[    3.476847] PCI: Using ACPI for IRQ routing
[    3.532940] NetLabel: Initializing
[    3.548647] NetLabel:  domain hash size = 128
[    3.550118] NetLabel:  protocols = UNLABELED CIPSOv4
[    3.569302] NetLabel:  unlabeled traffic allowed by default
[    3.581649] amd_nb: Cannot enumerate AMD northbridges
[    3.610120] clocksource: Switched to clocksource kvm-clock
[    3.624050] AppArmor: AppArmor Filesystem Enabled
[    3.642113] pnp: PnP ACPI init
[    3.644924] pnp: PnP ACPI: found 3 devices
[    3.684836] clocksource: acpi_pm: mask: 0xffffff max_cycles: 0xffffff, max_idle_ns: 2085701024 ns
[    3.717011] NET: Registered protocol family 2
[    3.718565] TCP established hash table entries: 8192 (order: 4, 65536 bytes)
[    3.720488] TCP bind hash table entries: 8192 (order: 5, 131072 bytes)
[    3.743433] TCP: Hash tables configured (established 8192 bind 8192)
[    3.745186] UDP hash table entries: 512 (order: 2, 16384 bytes)
[    3.750167] UDP-Lite hash table entries: 512 (order: 2, 16384 bytes)
[    3.857201] NET: Registered protocol family 1
[    3.900078] pci 0000:00:00.0: Limiting direct PCI/PCI transfers
[    3.938545] pci 0000:00:01.0: Activating ISA DMA hang workarounds
[    4.021112] Unpacking initramfs...
[    6.361434] Freeing initrd memory: 10840K (ffff880036ac4000 - ffff88003755a000)
[    6.451838] RAPL PMU detected, API unit is 2^-32 Joules, 4 fixed counters 10737418240 ms ovfl timer
[    6.466247] hw unit of domain pp0-core 2^-0 Joules
[    6.541133] hw unit of domain package 2^-0 Joules
[    6.566131] hw unit of domain dram 2^-0 Joules
[    6.610381] hw unit of domain pp1-gpu 2^-0 Joules
[    6.614771] platform rtc_cmos: registered platform RTC device (no PNP device found)
[    6.685035] Scanning for low memory corruption every 60 seconds
[    6.730183] audit: initializing netlink subsys (disabled)
[    6.765458] audit: type=2000 audit(1502269103.663:1): initialized
[    6.788671] Initialise system trusted keyring
[    6.802116] HugeTLB registered 2 MB page size, pre-allocated 0 pages
[    6.846258] zbud: loaded
[    6.857895] VFS: Disk quotas dquot_6.6.0
[    6.883000] VFS: Dquot-cache hash table entries: 512 (order 0, 4096 bytes)
[    6.885297] squashfs: version 4.0 (2009/01/31) Phillip Lougher
[    6.949768] fuse init (API version 7.23)
[    6.992911] Key type big_key registered
[    7.056610] Allocating IMA MOK and blacklist keyrings.
[    7.127884] Key type asymmetric registered
[    7.181730] Asymmetric key parser 'x509' registered
[    7.197696] Block layer SCSI generic (bsg) driver version 0.4 loaded (major 249)
[    7.294985] io scheduler noop registered
[    7.352360] io scheduler deadline registered (default)
[    7.398299] io scheduler cfq registered
[    7.450665] pci_hotplug: PCI Hot Plug PCI Core version: 0.5
[    7.541918] pciehp: PCI Express Hot Plug Controller Driver version: 0.4
[    7.634839] tsc: Refined TSC clocksource calibration: 1599.838 MHz
[    7.636520] clocksource: tsc: mask: 0xffffffffffffffff max_cycles: 0x170f8be3cd5, max_idle_ns: 440795237866 ns
[    7.774415] ACPI: AC Adapter [AC] (off-line)
[    7.783573] input: Power Button as /devices/LNXSYSTM:00/LNXPWRBN:00/input/input0
[    7.840501] ACPI: Power Button [PWRF]
[    7.847801] input: Sleep Button as /devices/LNXSYSTM:00/LNXSLPBN:00/input/input1
[    7.883003] ACPI: Sleep Button [SLPF]
[    7.919203] GHES: HEST is not enabled!
[    7.920785] ACPI: Battery Slot [BAT0] (battery present)
[    7.953270] Serial: 8250/16550 driver, 32 ports, IRQ sharing enabled
[    7.996661] 00:02: ttyS0 at I/O 0x3f8 (irq = 4, base_baud = 115200) is a 16550A
[    8.017997] Linux agpgart interface v0.103
[    8.027103] loop: module loaded
[    8.046271] scsi host0: ata_piix
[    8.055009] scsi host1: ata_piix
[    8.057797] ata1: PATA max UDMA/33 cmd 0x1f0 ctl 0x3f6 bmdma 0xd000 irq 14
[    8.059942] ata2: PATA max UDMA/33 cmd 0x170 ctl 0x376 bmdma 0xd008 irq 15
[    8.091296] libphy: Fixed MDIO Bus: probed
[    8.092941] tun: Universal TUN/TAP device driver, 1.6
[    8.101772] tun: (C) 1999-2004 Max Krasnyansky <maxk@qualcomm.com>
[    8.146926] PPP generic driver version 2.4.2
[    8.161471] ehci_hcd: USB 2.0 'Enhanced' Host Controller (EHCI) Driver
[    8.163454] ehci-pci: EHCI PCI platform driver
[    8.173776] ehci-platform: EHCI generic platform driver
[    8.195571] ohci_hcd: USB 1.1 'Open' Host Controller (OHCI) Driver
[    8.197710] ohci-pci: OHCI PCI platform driver
[    8.213962] ohci-platform: OHCI generic platform driver
[    8.215668] uhci_hcd: USB Universal Host Controller Interface driver
[    8.261225] i8042: PNP: PS/2 Controller [PNP0303:PS2K,PNP0f03:PS2M] at 0x60,0x64 irq 1,12
[    8.264297] serio: i8042 KBD port at 0x60,0x64 irq 1
[    8.294264] serio: i8042 AUX port at 0x60,0x64 irq 12
[    8.297322] mousedev: PS/2 mouse device common for all mice
[    8.320553] input: AT Translated Set 2 keyboard as /devices/platform/i8042/serio0/input/input2
[    8.330841] rtc_cmos rtc_cmos: rtc core: registered rtc_cmos as rtc0
[    8.330941] rtc_cmos rtc_cmos: alarms up to one day, 114 bytes nvram
[    8.330953] i2c /dev entries driver
[    8.331038] device-mapper: uevent: version 1.0.3
[    8.331127] device-mapper: ioctl: 4.34.0-ioctl (2015-10-28) initialised: dm-devel@redhat.com
[    8.331153] ledtrig-cpu: registered to indicate activity on CPUs
[    8.442687] NET: Registered protocol family 10
[    8.442838] NET: Registered protocol family 17
[    8.442847] Key type dns_resolver registered
[    8.492748] microcode: CPU0 sig=0x306d4, pf=0x40, revision=0x0
[    8.492780] microcode: CPU1 sig=0x306d4, pf=0x40, revision=0x0
[    8.492850] microcode: Microcode Update Driver: v2.01 <tigran@aivazian.fsnet.co.uk>, Peter Oruba
[    8.493070] registered taskstats version 1
[    8.493087] Loading compiled-in X.509 certificates
[    8.493811] Loaded X.509 cert 'Build time autogenerated kernel key: 420a71e958a947963108b13c1c2e45412a03ca90'
[    8.493839] zswap: loaded using pool lzo/zbud
[    8.496020] Key type trusted registered
[    8.499813] Key type encrypted registered
[    8.499822] AppArmor: AppArmor sha1 policy hashing enabled
[    8.499825] ima: No TPM chip found, activating TPM-bypass!
[    8.499852] evm: HMAC attrs: 0x1
[    8.500348]   Magic number: 13:975:977
[    8.511752] rtc_cmos rtc_cmos: setting system clock to 2017-08-09 08:58:23 UTC (1502269103)
[    8.511866] BIOS EDD facility v0.16 2004-Jun-25, 0 devices found
[    8.511866] EDD information not available.
[    9.004444] Freeing unused kernel memory: 1488K (ffffffff81f45000 - ffffffff820b9000)
[    9.035536] Write protecting the kernel read-only data: 14336k
[    9.102904] Freeing unused kernel memory: 1752K (ffff88000184a000 - ffff880001a00000)
[    9.166849] Freeing unused kernel memory: 112K (ffff880001de4000 - ffff880001e00000)
Loading, please wait...
[    9.285663] random: systemd-udevd: uninitialized urandom read (16 bytes read, 7 bits of entropy available)
starting version[    9.286833] random: udevadm: uninitialized urandom read (16 bytes read, 7 bits of entropy available)
 229
[    9.286890] random: udevadm: uninitialized urandom read (16 bytes read, 7 bits of entropy available)
[    9.287070] random: udevadm: uninitialized urandom read (16 bytes read, 7 bits of entropy available)
[    9.287137] random: udevadm: uninitialized urandom read (16 bytes read, 7 bits of entropy available)
[    9.287202] random: udevadm: uninitialized urandom read (16 bytes read, 7 bits of entropy available)
[    9.287283] random: udevadm: uninitialized urandom read (16 bytes read, 7 bits of entropy available)
[    9.287347] random: udevadm: uninitialized urandom read (16 bytes read, 7 bits of entropy available)
[    9.287410] random: udevadm: uninitialized urandom read (16 bytes read, 7 bits of entropy available)
[    9.287475] random: udevadm: uninitialized urandom read (16 bytes read, 7 bits of entropy available)
[    9.942133] e1000: Intel(R) PRO/1000 Network Driver - version 7.3.21-k8-NAPI
[    9.971188] e1000: Copyright (c) 1999-2006 Intel Corporation.
[   10.026159] Fusion MPT base driver 3.04.20
[   10.044162] Copyright (c) 1999-2008 LSI Corporation
[   10.057462] AVX version of gcm_enc/dec engaged.
[   10.064635] AES CTR mode by8 optimization enabled
[   10.092615] Fusion MPT SPI Host driver 3.04.20
[   10.213079] input: ImExPS/2 Generic Explorer Mouse as /devices/platform/i8042/serio1/input/input4
[   10.540635] e1000 0000:00:03.0 eth0: (PCI:33MHz:32-bit) 02:c0:e2:3c:71:11
[   10.568672] e1000 0000:00:03.0 eth0: Intel(R) PRO/1000 Network Connection
[   10.602353] mptbase: ioc0: Initiating bringup
[   10.691158] ioc0: LSI53C1030 A0: Capabilities={Initiator}
[   10.869963] scsi host2: ioc0: LSI53C1030 A0, FwRev=00000000h, Ports=1, MaxQ=256, IRQ=20
[   10.990847] scsi 2:0:0:0: Direct-Access     VBOX     HARDDISK         1.0  PQ: 0 ANSI: 5
[   11.019498] scsi target2:0:0: Beginning Domain Validation
[   11.044652] scsi target2:0:0: Domain Validation skipping write tests
[   11.050155] scsi target2:0:0: Ending Domain Validation
[   11.059574] scsi target2:0:0: asynchronous
[   11.066335] scsi 2:0:1:0: Direct-Access     VBOX     HARDDISK         1.0  PQ: 0 ANSI: 5
[   11.082911] scsi target2:0:1: Beginning Domain Validation
[   11.095400] scsi target2:0:1: Domain Validation skipping write tests
[   11.113257] scsi target2:0:1: Ending Domain Validation
[   11.128444] scsi target2:0:1: asynchronous
[   11.147024] sd 2:0:0:0: Attached scsi generic sg0 type 0
[   11.152494] sd 2:0:1:0: Attached scsi generic sg1 type 0
[   11.162467] sd 2:0:0:0: [sda] 20971520 512-byte logical blocks: (10.7 GB/10.0 GiB)
[   11.172219] sd 2:0:1:0: [sdb] 20480 512-byte logical blocks: (10.5 MB/10.0 MiB)
[   11.180046] sd 2:0:0:0: [sda] Write Protect is off
[   11.190542] sd 2:0:1:0: [sdb] Write Protect is off
[   11.192893] sd 2:0:1:0: [sdb] Incomplete mode parameter data
[   11.200358] sd 2:0:1:0: [sdb] Assuming drive cache: write through
[   11.218713] sd 2:0:0:0: [sda] Incomplete mode parameter data
[   11.220744] sd 2:0:0:0: [sda] Assuming drive cache: write through
[   11.231677]  sda: sda1
[   11.239213] sd 2:0:1:0: [sdb] Attached SCSI disk
[   11.241767] sd 2:0:0:0: [sda] Attached SCSI disk
[   11.485017] e1000 0000:00:08.0 eth1: (PCI:33MHz:32-bit) 08:00:27:70:df:9f
[   11.502649] e1000 0000:00:08.0 eth1: Intel(R) PRO/1000 Network Connection
[   11.563973] e1000 0000:00:08.0 enp0s8: renamed from eth1
[   11.583141] e1000 0000:00:03.0 enp0s3: renamed from eth0
[   13.108130] floppy0: no floppy controllers found
Begin: Loading e[   14.610591] md: linear personality registered for level -1
ssential drivers[   14.641970] md: multipath personality registered for level -4
 ... [   14.696091] md: raid0 personality registered for level 0
[   14.736496] md: raid1 personality registered for level 1
[   14.826314] raid6: sse2x1   gen()  4157 MB/s
[   14.902537] raid6: sse2x1   xor()  1781 MB/s
[   14.974506] raid6: sse2x2   gen()  8676 MB/s
[   15.046410] raid6: sse2x2   xor()  5562 MB/s
[   15.130516] raid6: sse2x4   gen()  9376 MB/s
[   15.214363] raid6: sse2x4   xor()  7047 MB/s
[   15.233127] raid6: using algorithm sse2x4 gen() 9376 MB/s
[   15.245111] raid6: .... xor() 7047 MB/s, rmw enabled
[   15.248600] raid6: using ssse3x2 recovery algorithm
[   15.269764] xor: automatically using best checksumming function:
[   15.374497]    avx       : 15075.000 MB/sec
[   15.379007] async_tx: api initialized (async)
[   15.393008] md: raid6 personality registered for level 6
[   15.401513] md: raid5 personality registered for level 5
[   15.403771] md: raid4 personality registered for level 4
[   15.419538] md: raid10 personality registered for level 10
done.
Begin: Running /scripts/init-premount ... done.
Begin: Mounting root file system ... Begin: Running /scripts/local-top ... done.
Begin: Running /scripts/local-premount ... [   15.468011] Btrfs loaded
Scanning for Btrfs filesystems
done.
Warning: fsck not present, so skipping root file system
[   15.550620] EXT4-fs (sda1): mounted filesystem with ordered data mode. Opts: (null)
done.
Begin: Running /scripts/local-bottom ... done.
Begin: Running /scripts/init-bottom ... done.
[   15.726743] systemd[1]: systemd 229 running in system mode. (+PAM +AUDIT +SELINUX +IMA +APPARMOR +SMACK +SYSVINIT +UTMP +LIBCRYPTSETUP +GCRYPT +GNUTLS +ACL +XZ -LZ4 +SECCOMP +BLKID +ELFUTILS +KMOD -IDN)
[   15.842731] systemd[1]: Detected virtualization oracle.
[   15.874838] systemd[1]: Detected architecture x86-64.

Welcome to [1mUbuntu 16.04.3 LTS[0m!

[   15.936049] systemd[1]: Set hostname to <ubuntu>.
[   15.977566] systemd[1]: Initializing machine ID from random generator.
[   16.011835] systemd[1]: Installed transient /etc/machine-id file.
[   16.381522] systemd[1]: Started Trigger resolvconf update for networkd DNS.
[[0;32m  OK  [0m] Started Trigger resolvconf update for networkd DNS.
[   16.419092] systemd[1]: Listening on /dev/initctl Compatibility Named Pipe.
[[0;32m  OK  [0m] Listening on /dev/initctl Compatibility Named Pipe.
[   16.466883] systemd[1]: Listening on Journal Audit Socket.
[[0;32m  OK  [0m] Listening on Journal Audit Socket.
[   16.507116] systemd[1]: Listening on udev Control Socket.
[[0;32m  OK  [0m] Listening on udev Control Socket.
[   16.574777] systemd[1]: Reached target User and Group Name Lookups.
[[0;32m  OK  [0m] Reached target User and Group Name Lookups.
[   16.625385] systemd[1]: Listening on Journal Socket (/dev/log).
[[0;32m  OK  [0m] Listening on Journal Socket (/dev/log).
[   16.652171] systemd[1]: Created slice System Slice.
[[0;32m  OK  [0m] Created slice System Slice.
[   16.692395] systemd[1]: Listening on Device-mapper event daemon FIFOs.
[[0;32m  OK  [0m] Listening on Device-mapper event daemon FIFOs.
[   16.799930] systemd[1]: Created slice system-serial\x2dgetty.slice.
[[0;32m  OK  [0m] Created slice system-serial\x2dgetty.slice.
[   16.877967] systemd[1]: Listening on Journal Socket.
[[0;32m  OK  [0m] Listening on Journal Socket.
[   16.954889] systemd[1]: Mounting Huge Pages File System...
         Mounting Huge Pages File System...
[   17.074933] systemd[1]: Starting Set console keymap...
[   17.100112] random: nonblocking pool is initialized
         Starting Set console keymap...
[   17.239013] systemd[1]: Mounting POSIX Message Queue File System...
         Mounting POSIX Message Queue File System...
[   17.322644] systemd[1]: Starting Remount Root and Kernel File Systems...
[   17.326982] EXT4-fs (sda1): re-mounted. Opts: (null)
         Starting Remount Root and Kernel File Systems...
[   17.399035] systemd[1]: Starting Nameserver information manager...
         Starting Nameserver information manager...
[   17.419278] systemd[1]: Starting Load Kernel Modules...
         Startin[   17.432261] Loading iSCSI transport class v2.0-870.
g Load Kernel Mo[   17.454303] iscsi: registered transport (tcp)
dules...
[   17.478686] systemd[1]: Listening on LVM2 metadata daemon socket.
[[0;32m  OK  [0m] Listening on LVM2 metadata daemon socket.
[   17.519741] iscsi: registered transport (iser)
[   17.619307] systemd[1]: Starting Monitoring of LVM2 mirrors, snapshots etc. using dmeventd or progress polling...
         Starting Monitoring of LVM2 mirrors... dmeventd or progress polling...
[   17.715234] systemd[1]: Reached target Encrypted Volumes.
[[0;32m  OK  [0m] Reached target Encrypted Volumes.
[   17.747017] systemd[1]: Created slice User and Session Slice.
[[0;32m  OK  [0m] Created slice User and Session Slice.
[   17.842916] systemd[1]: Reached target Slices.
[[0;32m  OK  [0m] Reached target Slices.
[   17.862365] systemd[1]: Started Forward Password Requests to Wall Directory Watch.
[[0;32m  OK  [0m] Started Forward Password Requests to Wall Directory Watch.
[   17.987043] systemd[1]: Set up automount Arbitrary Executable File Formats File System Automount Point.
[[0;32m  OK  [0m] Set up automount Arbitrary Executab...ats File System Automount Point.
[   18.041451] systemd[1]: Listening on Syslog Socket.
[[0;32m  OK  [0m] Listening on Syslog Socket.
[   18.106618] systemd[1]: Starting Journal Service...
         Starting Journal Service...
[   18.174725] systemd[1]: Listening on LVM2 poll daemon socket.
[[0;32m  OK  [0m] Listening on LVM2 poll daemon socket.
[   18.258897] systemd[1]: Reached target Swap.
[[0;32m  OK  [0m] Reached target Swap.
[   18.318758] systemd[1]: Starting Create list of required static device nodes for the current kernel...
         Starting Create list of required st... nodes for the current kernel...
[   18.390723] systemd[1]: Mounting Debug File System...
         Mounting Debug File System...
[   18.409328] systemd[1]: Listening on udev Kernel Socket.
[[0;32m  OK  [0m] Listening on udev Kernel Socket.
[   18.482861] systemd[1]: Starting Uncomplicated firewall...
         Starting Uncomplicated firewall...
[   18.508737] systemd[1]: Mounted POSIX Message Queue File System.
[[0;32m  OK  [0m] Mounted POSIX Message Queue File System.
[   18.615186] systemd[1]: Mounted Huge Pages File System.
[[0;32m  OK  [0m] Mounted Huge Pages File System.
[   18.670563] systemd[1]: Mounted Debug File System.
[[0;32m  OK  [0m] Mounted Debug File System.
[   18.715282] systemd[1]: Started Journal Service.
[[0;32m  OK  [0m] Started Journal Service.
[[0;32m  OK  [0m] Started Set console keymap.
[[0;32m  OK  [0m] Started Remount Root and Kernel File Systems.
[[0;32m  OK  [0m] Started Load Kernel Modules.
[[0;32m  OK  [0m] Started Create list of required sta...ce nodes for the current kernel.
[[0;32m  OK  [0m] Started Uncomplicated firewall.
[[0;32m  OK  [0m] Started Nameserver information manager.
[[0;32m  OK  [0m] Started LVM2 metadata daemon.
         Starting Create Static Device Nodes in /dev...
         Starting Apply Kernel Variables...
         Mounting FUSE Control File System...
         Starting udev Coldplug all Devices...
         Starting Initial cloud-init job (pre-networking)...
         Starting Load/Save Random Seed...
         Starting Flush Journal to Persistent Storage...
[[0;32m  OK  [0m] Mounted FUSE Control File System.
[[0;32m  OK  [0m] Started Create Static Device Nodes in /dev.
[[0;32m  OK  [0m] Started Monitoring of LVM2 mirrors,...ng dmeventd or progress polling.
[[0;32m  OK  [0m] Started Apply Kernel Variables.
[[0;32m  OK  [0m] Started Load/Save Random Seed.
[[0;32m  OK  [0m] Started udev Coldplug all Devices.
[[0;32m  OK  [0m] Started Flush Journal to Persistent Storage.
         Starting udev Kernel Device Manager...
[[0;32m  OK  [0m] Started udev Kernel Device Manager.
[[0;32m  OK  [0m] Reached target Local File Systems (Pre).
[[0;32m  OK  [0m] Reached target Local File Systems.
         Starting Commit a transient machine-id on disk...
         Starting LSB: AppArmor initialization...
         Starting Tell Plymouth To Write Out Runtime Data...
         Starting Set console font and keymap...
         Starting Create Volatile Files and Directories...
[[0;32m  OK  [0m] Started Dispatch Password Requests to Console Directory Watch.
[[0;32m  OK  [0m] Started Commit a transient machine-id on disk.
[[0;32m  OK  [0m] Started Tell Plymouth To Write Out Runtime Data.
[[0;32m  OK  [0m] Started Create Volatile Files and Directories.
         Starting Update UTMP about System Boot/Shutdown...
[[0;32m  OK  [0m] Reached target System Time Synchronized.
[[0;32m  OK  [0m] Started Update UTMP about System Boot/Shutdown.
[[0;32m  OK  [0m] Found device /dev/ttyS0.
[[0;32m  OK  [0m] Listening on Load/Save RF Kill Switch Status /dev/rfkill Watch.
[   18.457786] cloud-init[445]: Cloud-init v. 0.7.9 running 'init-local' at Wed, 09 Aug 2017 08:58:35 +0000. Up 17.83 seconds.
[[0;32m  OK  [0m] Started LSB: AppArmor initialization.
[[0;32m  OK  [0m] Started Initial cloud-init job (pre-networking).
[[0;32m  OK  [0m] Reached target Network (Pre).
         Starting Raise network interfaces...
[[0;32m  OK  [0m] Started Set console font and keymap.
[[0;32m  OK  [0m] Created slice system-getty.slice.
[[0;32m  OK  [0m] Started Raise network interfaces.
[[0;32m  OK  [0m] Reached target Network.
         Starting Initial cloud-init job (metadata service crawler)...
[   21.455121] cloud-init[942]: Cloud-init v. 0.7.9 running 'init' at Wed, 09 Aug 2017 08:58:38 +0000. Up 20.76 seconds.
[   21.517014] cloud-init[942]: ci-info: ++++++++++++++++++++++++++++++++++++++Net device info++++++++++++++++++++++++++++++++++++++
[   21.567233] cloud-init[942]: ci-info: +--------+-------+----------------------------+---------------+-------+-------------------+
[   21.567481] cloud-init[942]: ci-info: | Device |   Up  |          Address           |      Mask     | Scope |     Hw-Address    |
[[0;32m  OK  [0m] Started Initial cloud-init job (metadata service crawler).
[   21.567669] cloud-init[942]: ci-info: +--------+-------+----------------------------+---------------+-------+-------------------+
[   21.677473] cloud-init[942]: ci-info: |   lo   |  True |         127.0.0.1          |   255.0.0.0   |   .   |         .         |
[   21.677993] cloud-init[942]: ci-info: |   lo   |  True |          ::1/128           |       .       |  host |         .         |
[[0;32m  OK  [0m] Reached target Network is Online.
[   21.678371] cloud-init[942]: ci-info: | enp0s8 | False |             .              |       .       |   .   | 08:00:27:70:df:9f |
[   21.857042] cloud-init[942]: ci-info: | enp0s3 |  True |         10.0.2.15          | 255.255.255.0 |   .   | 02:c0:e2:3c:71:11 |
[   21.857478] cloud-init[942]: ci-info: | enp0s3 |  True | fe80::c0:e2ff:fe3c:7111/64 |       .       |  link | 02:c0:e2:3c:71:11 |         
Starting iSCSI initiator daemon (iscsid)...
[[   21.857855] cloud-init[942]: ci-info: +--------+-------+----------------------------+---------------+-------+-------------------+
[   21.959603] cloud-init[942]: ci-info: +++++++++++++++++++++++++++Route IPv4 info++++++++++++++++++++++++++++
[0;32m  OK  [0m] Reached target Cloud-config availability.
[[   21.960060] cloud-init[942]: ci-info: +-------+-------------+----------+---------------+-----------+-------+
[   22.126070] cloud-init[942]: ci-info: | Route | Destination | Gateway  |    Genmask    | Interface | Flags |
[   22.126265] cloud-init[942]: ci-info: +-------+-------------+----------+---------------+-----------+-------+
[0;32m  OK  [0m] Reached target System Initialization.
[[   22.126729] cloud-init[942]: ci-info: |   0   |   0.0.0.0   | 10.0.2.2 |    0.0.0.0    |   enp0s3  |   UG  |
[   22.297624] cloud-init[942]: ci-info: |   1   |   10.0.2.0  | 0.0.0.0  | 255.255.255.0 |   enp0s3  |   U   |
[0;32m  OK  [0m] Started Timer to automatically refresh installed snaps.
[   22.297785] cloud-init[942]: ci-info: +-------+-------------+----------+---------------+-----------+-------+
[   22.450679] cloud-init[942]: Generating public/private rsa key pair.
[   22.451281] cloud-init[942]: Your identification has been saved in /etc/ssh/ssh_host_rsa_key.
         Starting LXD - unix socket.
[   22.451593] cloud-init[942]: Your public key has been saved in /etc/ssh/ssh_host_rsa_key.pub.
[   22.521590] cloud-init[942]: The key fingerprint is:
[[0;32m  OK  [0m] Listening on D-Bus System Message Bus Socket.
[[   22.521819] cloud-init[942]: SHA256:MNVfseRJwG23iMOnWlA2f17ZxIRXhKKF8fI4xJv4ezA root@ubuntu-xenial
[   22.536088] cloud-init[942]: The key's randomart image is:
[0;32m  OK  [0m] Started Daily apt download activities.
[[   22.536174] cloud-init[942]: +---[RSA 2048]----+
[   22.666713] cloud-init[942]: |        ...+.o+B=|
[0;32m  OK  [0m] Started Daily apt upgrade and clean activities.
[   22.667083] cloud-init[942]: |       . .o=++*o=|
[   22.757893] cloud-init[942]: |      o   B+=+=++|
[[0;32m  OK  [0m] Started Daily Cleanup of Temporary Directories.
[   22.758862] cloud-init[942]: |       o +.X.+ +o|
[   22.853944] cloud-init[942]: |        S * = o .|
[[0;32m  OK  [0m] Reached target Timers.
[   22.854266] cloud-init[942]: |         .E+   . |
[   22.905557] cloud-init[942]: |          +o     |
[[0;32m  OK  [0m] Listening on ACPID Listen Socket.
[   22.905676] cloud-init[942]: |         . ..    |
         Starting Socket activation for snappy daemon.
[   22.981410] cloud-init[942]: |          ..     |
[   23.012744] cloud-init[942]: +----[SHA256]-----+
[   23.013244] cloud-init[942]: Generating public/private dsa key pair.
[[0;32m  OK  [0m] Started ACPI Events Check.
[   23.013464] cloud-init[942]: Your identification has been saved in /etc/ssh/ssh_host_dsa_key.
[   23.101657] cloud-init[942]: Your public key has been saved in /etc/ssh/ssh_host_dsa_key.pub.
[[0;32m  OK  [0m] Reached target Paths.
[[   23.101950] cloud-init[942]: The key fingerprint is:
[   23.205773] cloud-init[942]: SHA256:8Yt+rjuiZ8xyse/0/3XUY8cV1zCYouqRd1uh/8heMlg root@ubuntu-xenial
[0;32m  OK  [0m] Listening on UUID daemon activation socket.
[   23.205958] cloud-init[942]: The key's randomart image is:
[   23.316837] cloud-init[942]: +---[DSA 1024]----+
[   23.317652] cloud-init[942]: |             oooo|
[[0;32m  OK  [0m] Listening on LXD - unix socket.
[[   23.317988] cloud-init[942]: |          . o  .+|
[   23.329642] cloud-init[942]: |        .. .    .|
[0;32m  OK  [0m] Listening on Socket activation for snappy daemon.
[[   23.329819] cloud-init[942]: |        .o  .  .o|
[   23.346325] cloud-init[942]: |       oS ..E. o=|
[   23.346534] cloud-init[942]: |      = ..o+. ..o|
[   23.346786] cloud-init[942]: |     + =o.o+o . o|
[   23.347063] cloud-init[942]: |    . Xo..o..= ..|
[   23.347312] cloud-init[942]: |    .* +**oo=oo  |
[   23.347584] cloud-init[942]: +----[SHA256]-----+
[   23.347862] cloud-init[942]: Generating public/private ecdsa key pair.
[   23.348419] cloud-init[942]: Your identification has been saved in /etc/ssh/ssh_host_ecdsa_key.
[   23.348669] cloud-init[942]: Your public key has been saved in /etc/ssh/ssh_host_ecdsa_key.pub.
[   23.348936] cloud-init[942]: The key fingerprint is:
[   23.349214] cloud-init[942]: SHA256:/cjK7HygsbbFDFqyYbuRt/QniEAdaO0gKqL56AGrj98 root@ubuntu-xenial
[   23.349489] cloud-init[942]: The key's randomart image is:
[   23.349753] cloud-init[942]: +---[ECDSA 256]---+
[   23.350019] cloud-init[942]: |   o             |
[0;32m  OK  [0m] Started iSCSI initiator daemon (iscsid).
[   23.350081] cloud-init[942]: |. + o            |
[   23.600342] cloud-init[942]: |.o + .           |
[   23.624845] cloud-init[942]: |+ . o    .       |
[   23.625478] cloud-init[942]: |=o  + o S .      |
         Starting Login to default iSCSI targets...
[[   23.625880] cloud-init[942]: |+... O.+.. o     |
[   23.650665] cloud-init[942]: |.+ .*.o=+.o .    |
[   23.650846] cloud-init[942]: |o.o..==B..o      |
[   23.651087] cloud-init[942]: |++o E.ooB+       |
[   23.651329] cloud-init[942]: +----[SHA256]-----+
[   23.651588] cloud-init[942]: Generating public/private ed25519 key pair.
[   23.651852] cloud-init[942]: Your identification has been saved in /etc/ssh/ssh_host_ed25519_key.
[   23.652451] cloud-init[942]: Your public key has been saved in /etc/ssh/ssh_host_ed25519_key.pub.
[0;32m  OK  [0m[   23.652653] cloud-init] [942]: Reached target Sockets.The key fingerprint is:

[[   23.652706] cloud-init[942]: SHA256:ABKPlNCafhDzK23TbGIRVVDu6p+X9o0ZiVQSN4iYJss root@ubuntu-xenial
[   23.873595] cloud-init[942]: The key's randomart image is:
[0;32m  OK  [0m] Reached target Basic System.
[   23.873728] cloud-init[942]: +--[ED25519 256]--+
[   23.994937] cloud-init[942]: |.o+ooo*o...o     |
[   23.995373] cloud-init[942]: | +o* =.. .o .    |
         Starting LSB: MD monitoring daemon...
[   23.995563] cloud-init[942]: | o* * .. . .     |
         Starting Accounts Service...
[   24.056593] cloud-init[942]: |o. E  ..  o      |
[   24.098612] cloud-init[942]: |. o =  .S.       |
[   24.099181] cloud-init[942]: | o O +. . . .    |
         Starting Pollinate to seed the pseudo random number generator...
[   24.099303] cloud-init[942]: |  = +.   ..o     |
[   24.184391] cloud-init[942]: |    .   .+  =    |
[[0;32m  OK  [0m] Started ACPI event daemon.[   24.184770] 
cloud-init[942]: |     ..oo .+ .   |
[   24.269340] cloud-init[942]: +----[SHA256]-----+
[[0;32m  OK  [0m] Started Deferred execution scheduler.
         Starting System Logging Service...
         Starting LSB: Record successful boot for GRUB...
[[0;32m  OK  [0m] Started Unattended Upgrades Shutdown.
         Starting /etc/rc.local Compatibility...
[[0;32m  OK  [0m] Started FUSE filesystem for LXC.
[[0;32m  OK  [0m] Started Snappy daemon.
         Starting Login Service...
         Starting LXD - container startup/shutdown...
[[0;32m  OK  [0m] Started D-Bus System Message Bus.
         Starting Auto import assertions from block devices...
[[0;32m  OK  [0m] Started Regular background program processing daemon.
         Starting Apply the settings specified in cloud-config...
[[0;32m  OK  [0m] Started System Logging Service.
[[0;32m  OK  [0m] Started Pollinate to seed the pseudo random number generator.
[[0;32m  OK  [0m] Started /etc/rc.local Compatibility.
[[0;32m  OK  [0m] Started LXD - container startup/shutdown.
[[0;32m  OK  [0m] Started Auto import assertions from block devices.
[[0;32m  OK  [0m] Started Login to default iSCSI targets.
[[0;32m  OK  [0m] Started LSB: MD monitoring daemon.
[[0;32m  OK  [0m] Started LSB: Record successful boot for GRUB.
[[0;32m  OK  [0m] Started Login Service.
         Starting Authenticate and Authorize Users to Run Privileged Tasks...
[[0;32m  OK  [0m] Reached target Remote File Systems (Pre).
[[0;32m  OK  [0m] Reached target Remote File Systems.
         Starting LSB: Set the CPU Frequency Scaling governor to "ondemand"...
         Starting LSB: VirtualBox Linux Additions...
         Starting LSB: automatic crash report generation...
         Starting Permit User Sessions...
         Starting LSB: daemon to balance interrupts for SMP systems...
         Starting OpenBSD Secure Shell server...
[[0;32m  OK  [0m] Started Permit User Sessions.
[[0;32m  OK  [0m] Started OpenBSD Secure Shell server.
[[0;32m  OK  [0m] Started Authenticate and Authorize Users to Run Privileged Tasks.
[[0;32m  OK  [0m] Started Accounts Service.
[[0;32m  OK  [0m] Started LSB: Set the CPU Frequency Scaling governor to "ondemand".
         Starting Hold until boot process finishes up...
         Starting Terminate Plymouth Boot Screen...
[[0;32m  OK  [0m] Started LSB: automatic crash report generation.
[[0;32m  OK  [0m] Started LSB: daemon to balance interrupts for SMP systems.
[[0;32m  OK  [0m] Started Hold until boot process finishes up.
[[0;32m  OK  [0m] Started Terminate Plymouth Boot Screen.
[[0;32m  OK  [0m] Started LSB: VirtualBox Linux Additions.
         Starting Set console scheme...
[[0;32m  OK  [0m] Started Getty on tty1.
[[0;32m  OK  [0m] Started Serial Getty on ttyS0.
[[0;32m  OK  [0m] Reached target Login Prompts.
[[0;32m  OK  [0m] Reached target Multi-User System.
[[0;32m  OK  [0m] Reached target Graphical Interface.
[   26.239529] cloud-init[1158]: Generating locales (this might take a while)...
         Starting Update UTMP about System Runlevel Changes...
[[0;32m  OK  [0m] Started Set console scheme.
[[0;32m  OK  [0m] Started Update UTMP about System Runlevel Changes.
[   27.969364] cloud-init[1158]:   en_US.UTF-8... done
[   28.000610] cloud-init[1158]: Generation complete.
         Stopping OpenBSD Secure Shell server...
[[0;32m  OK  [0m] Stopped OpenBSD Secure Shell server.
         Starting OpenBSD Secure Shell server...
[[0;32m  OK  [0m] Started OpenBSD Secure Shell server.
[[0;32m  OK  [0m] Created slice User Slice of ubuntu.
         Starting User Manager for UID 1000...
[[0;32m  OK  [0m] Started Session 1 of user ubuntu.
[[0;32m  OK  [0m] Started User Manager for UID 1000.
[   28.863189] cloud-init[1158]: Cloud-init v. 0.7.9 running 'modules:config' at Wed, 09 Aug 2017 08:58:43 +0000. Up 25.79 seconds.
[[0;32m  OK  [0m] Started Apply the settings specified in cloud-config.
         Starting Execute cloud user/final scripts...
ci-info: no authorized ssh keys fingerprints found for user ubuntu.
<14>Aug  9 08:58:48 ec2: 
<14>Aug  9 08:58:48 ec2: #############################################################
<14>Aug  9 08:58:48 ec2: -----BEGIN SSH HOST KEY FINGERPRINTS-----
<14>Aug  9 08:58:48 ec2: 1024 SHA256:8Yt+rjuiZ8xyse/0/3XUY8cV1zCYouqRd1uh/8heMlg root@ubuntu-xenial (DSA)
<14>Aug  9 08:58:48 ec2: 256 SHA256:/cjK7HygsbbFDFqyYbuRt/QniEAdaO0gKqL56AGrj98 root@ubuntu-xenial (ECDSA)
<14>Aug  9 08:58:48 ec2: 256 SHA256:ABKPlNCafhDzK23TbGIRVVDu6p+X9o0ZiVQSN4iYJss root@ubuntu-xenial (ED25519)
<14>Aug  9 08:58:48 ec2: 2048 SHA256:MNVfseRJwG23iMOnWlA2f17ZxIRXhKKF8fI4xJv4ezA root@ubuntu-xenial (RSA)
<14>Aug  9 08:58:48 ec2: -----END SSH HOST KEY FINGERPRINTS-----
<14>Aug  9 08:58:48 ec2: #############################################################
-----BEGIN SSH HOST KEY KEYS-----
ecdsa-sha2-nistp256 AAAAE2VjZHNhLXNoYTItbmlzdHAyNTYAAAAIbmlzdHAyNTYAAABBBCzJtzSUZQZG7+lx/T8CKpdbbGhjsVzyub3xgBjmh+8nWoFwEE+xuO2BKZNP9DpRI+aoxYJX1E/XEcG0Y43swDA= root@ubuntu-xenial
ssh-ed25519 AAAAC3NzaC1lZDI1NTE5AAAAIKvNNf6Joe54IXgb71kYIO1UyoPv17OPzDWqkkfBN3AQ root@ubuntu-xenial
ssh-rsa AAAAB3NzaC1yc2EAAAADAQABAAABAQDON5rSQGE02umBGRgF00ryL2J/SvTTzPqmnfxRSKGV1UnlKBUwgzwD3DSIkVo3OuLiVYtPOn/AFsmCT4GQaSyuEWRPPdnsLIYP9bQEodpAPSRt85RLw14auuB6V45iocM/Bs1TabmJETwxrA50NI+RZ3CxDj0jQ55yyv6HoGOCLDkR4zyEIU3t/s6tVbnKiJLxxhXAgXVZj68JhzWt4oQHEMkIzEBnKWE8KmufeBQqpEYA7YMGWjnd228FnEopaXMpXPKSWHVHz8ceCAWHmp0iG/EPCltEPcOuilCK8o8SqYjHrjG1PaUGtRRMw5yKrD5j1gsrKtbO8kV+ClvfV1Kv root@ubuntu-xenial
-----END SSH HOST KEY KEYS-----
[   30.453774] cloud-init[1389]: Cloud-init v. 0.7.9 running 'modules:final' at Wed, 09 Aug 2017 08:58:47 +0000. Up 29.87 seconds.
[   30.456919] cloud-init[1389]: ci-info: no authorized ssh keys fingerprints found for user ubuntu.
[   30.541371] cloud-init[1389]: Cloud-init v. 0.7.9 finished at Wed, 09 Aug 2017 08:58:48 +0000. Datasource DataSourceNoCloud [seed=/dev/sdb][dsmode=net].  Up 30.44 seconds
[[0;32m  OK  [0m] Started Execute cloud user/final scripts.
[[0;32m  OK  [0m] Reached target Cloud-init target.

Ubuntu 16.04.3 LTS ubuntu-xenial ttyS0

ubuntu-xenial login: 